Archive member included to satisfy reference by file (symbol)

C:/ST/STM32CubeCLT_1.19.0/GNU-tools-for-STM32/bin/../lib/gcc/arm-none-eabi/13.3.1/thumb/v8-m.main+fp/hard\libgcc.a(_aeabi_uldivmod.o)
                              cmake/stm32cubemx/CMakeFiles/STM32_Drivers.dir/__/__/Drivers/STM32H5xx_HAL_Driver/Src/stm32h5xx_hal_uart.c.obj (__aeabi_uldivmod)
C:/ST/STM32CubeCLT_1.19.0/GNU-tools-for-STM32/bin/../lib/gcc/arm-none-eabi/13.3.1/thumb/v8-m.main+fp/hard\libgcc.a(_udivmoddi4.o)
                              C:/ST/STM32CubeCLT_1.19.0/GNU-tools-for-STM32/bin/../lib/gcc/arm-none-eabi/13.3.1/thumb/v8-m.main+fp/hard\libgcc.a(_aeabi_uldivmod.o) (__udivmoddi4)
C:/ST/STM32CubeCLT_1.19.0/GNU-tools-for-STM32/bin/../lib/gcc/arm-none-eabi/13.3.1/thumb/v8-m.main+fp/hard\libgcc.a(_dvmd_tls.o)
                              C:/ST/STM32CubeCLT_1.19.0/GNU-tools-for-STM32/bin/../lib/gcc/arm-none-eabi/13.3.1/thumb/v8-m.main+fp/hard\libgcc.a(_aeabi_uldivmod.o) (__aeabi_ldiv0)
C:/ST/STM32CubeCLT_1.19.0/GNU-tools-for-STM32/bin/../lib/gcc/arm-none-eabi/13.3.1/../../../../arm-none-eabi/lib/thumb/v8-m.main+fp/hard\libg_nano.a(libc_a-exit.o)
                              C:/ST/STM32CubeCLT_1.19.0/GNU-tools-for-STM32/bin/../lib/gcc/arm-none-eabi/13.3.1/../../../../arm-none-eabi/lib/thumb/v8-m.main+fp/hard/crt0.o (exit)
C:/ST/STM32CubeCLT_1.19.0/GNU-tools-for-STM32/bin/../lib/gcc/arm-none-eabi/13.3.1/../../../../arm-none-eabi/lib/thumb/v8-m.main+fp/hard\libg_nano.a(libc_a-findfp.o)
                              C:/ST/STM32CubeCLT_1.19.0/GNU-tools-for-STM32/bin/../lib/gcc/arm-none-eabi/13.3.1/../../../../arm-none-eabi/lib/thumb/v8-m.main+fp/hard\libg_nano.a(libc_a-exit.o) (__stdio_exit_handler)
C:/ST/STM32CubeCLT_1.19.0/GNU-tools-for-STM32/bin/../lib/gcc/arm-none-eabi/13.3.1/../../../../arm-none-eabi/lib/thumb/v8-m.main+fp/hard\libg_nano.a(libc_a-fwalk.o)
                              C:/ST/STM32CubeCLT_1.19.0/GNU-tools-for-STM32/bin/../lib/gcc/arm-none-eabi/13.3.1/../../../../arm-none-eabi/lib/thumb/v8-m.main+fp/hard\libg_nano.a(libc_a-findfp.o) (_fwalk_sglue)
C:/ST/STM32CubeCLT_1.19.0/GNU-tools-for-STM32/bin/../lib/gcc/arm-none-eabi/13.3.1/../../../../arm-none-eabi/lib/thumb/v8-m.main+fp/hard\libg_nano.a(libc_a-stdio.o)
                              C:/ST/STM32CubeCLT_1.19.0/GNU-tools-for-STM32/bin/../lib/gcc/arm-none-eabi/13.3.1/../../../../arm-none-eabi/lib/thumb/v8-m.main+fp/hard\libg_nano.a(libc_a-findfp.o) (__sread)
C:/ST/STM32CubeCLT_1.19.0/GNU-tools-for-STM32/bin/../lib/gcc/arm-none-eabi/13.3.1/../../../../arm-none-eabi/lib/thumb/v8-m.main+fp/hard\libg_nano.a(libc_a-vsnprintf.o)
                              CMakeFiles/rtos_practice.dir/Core/Src/usart.c.obj (vsnprintf)
C:/ST/STM32CubeCLT_1.19.0/GNU-tools-for-STM32/bin/../lib/gcc/arm-none-eabi/13.3.1/../../../../arm-none-eabi/lib/thumb/v8-m.main+fp/hard\libg_nano.a(libc_a-memset.o)
                              C:/ST/STM32CubeCLT_1.19.0/GNU-tools-for-STM32/bin/../lib/gcc/arm-none-eabi/13.3.1/../../../../arm-none-eabi/lib/thumb/v8-m.main+fp/hard/crt0.o (memset)
C:/ST/STM32CubeCLT_1.19.0/GNU-tools-for-STM32/bin/../lib/gcc/arm-none-eabi/13.3.1/../../../../arm-none-eabi/lib/thumb/v8-m.main+fp/hard\libg_nano.a(libc_a-strchr.o)
                              CMakeFiles/rtos_practice.dir/Core/Src/cli.c.obj (strchr)
C:/ST/STM32CubeCLT_1.19.0/GNU-tools-for-STM32/bin/../lib/gcc/arm-none-eabi/13.3.1/../../../../arm-none-eabi/lib/thumb/v8-m.main+fp/hard\libg_nano.a(libc_a-strncmp.o)
                              CMakeFiles/rtos_practice.dir/Core/Src/cli.c.obj (strncmp)
C:/ST/STM32CubeCLT_1.19.0/GNU-tools-for-STM32/bin/../lib/gcc/arm-none-eabi/13.3.1/../../../../arm-none-eabi/lib/thumb/v8-m.main+fp/hard\libg_nano.a(libc_a-strstr.o)
                              CMakeFiles/rtos_practice.dir/Core/Src/cli.c.obj (strstr)
C:/ST/STM32CubeCLT_1.19.0/GNU-tools-for-STM32/bin/../lib/gcc/arm-none-eabi/13.3.1/../../../../arm-none-eabi/lib/thumb/v8-m.main+fp/hard\libg_nano.a(libc_a-closer.o)
                              C:/ST/STM32CubeCLT_1.19.0/GNU-tools-for-STM32/bin/../lib/gcc/arm-none-eabi/13.3.1/../../../../arm-none-eabi/lib/thumb/v8-m.main+fp/hard\libg_nano.a(libc_a-stdio.o) (_close_r)
C:/ST/STM32CubeCLT_1.19.0/GNU-tools-for-STM32/bin/../lib/gcc/arm-none-eabi/13.3.1/../../../../arm-none-eabi/lib/thumb/v8-m.main+fp/hard\libg_nano.a(libc_a-reent.o)
                              C:/ST/STM32CubeCLT_1.19.0/GNU-tools-for-STM32/bin/../lib/gcc/arm-none-eabi/13.3.1/../../../../arm-none-eabi/lib/thumb/v8-m.main+fp/hard\libg_nano.a(libc_a-closer.o) (errno)
C:/ST/STM32CubeCLT_1.19.0/GNU-tools-for-STM32/bin/../lib/gcc/arm-none-eabi/13.3.1/../../../../arm-none-eabi/lib/thumb/v8-m.main+fp/hard\libg_nano.a(libc_a-impure.o)
                              C:/ST/STM32CubeCLT_1.19.0/GNU-tools-for-STM32/bin/../lib/gcc/arm-none-eabi/13.3.1/../../../../arm-none-eabi/lib/thumb/v8-m.main+fp/hard\libg_nano.a(libc_a-vsnprintf.o) (_impure_ptr)
[...]
Memory Configuration

Name             Origin             Length             Attributes
RAM              0x20000000         0x000a0000         xrw
FLASH            0x08000000         0x00200000         xr
*default*        0x00000000         0xffffffff

Linker script and memory map

LOAD C:/ST/STM32CubeCLT_1.19.0/GNU-tools-for-STM32/bin/../lib/gcc/arm-none-eabi/13.3.1/thumb/v8-m.main+fp/hard/crti.o
LOAD C:/ST/STM32CubeCLT_1.19.0/GNU-tools-for-STM32/bin/../lib/gcc/arm-none-eabi/13.3.1/thumb/v8-m.main+fp/hard/crtbegin.o
LOAD C:/ST/STM32CubeCLT_1.19.0/GNU-tools-for-STM32/bin/../lib/gcc/arm-none-eabi/13.3.1/../../../../arm-none-eabi/lib/thumb/v8-m.main+fp/hard/crt0.o
LOAD cmake/stm32cubemx/CMakeFiles/STM32_Drivers.dir/__/__/Core/Src/system_stm32h5xx.c.obj
LOAD cmake/stm32cubemx/CMakeFiles/STM32_Drivers.dir/__/__/Drivers/STM32H5xx_HAL_Driver/Src/stm32h5xx_hal_tim.c.obj
LOAD cmake/stm32cubemx/CMakeFiles/STM32_Drivers.dir/__/__/Drivers/STM32H5xx_HAL_Driver/Src/stm32h5xx_hal_tim_ex.c.obj
LOAD cmake/stm32cubemx/CMakeFiles/STM32_Drivers.dir/__/__/Drivers/STM32H5xx_HAL_Driver/Src/stm32h5xx_hal_cortex.c.obj
LOAD cmake/stm32cubemx/CMakeFiles/STM32_Drivers.dir/__/__/Drivers/STM32H5xx_HAL_Driver/Src/stm32h5xx_hal_icache.c.obj
LOAD cmake/stm32cubemx/CMakeFiles/STM32_Drivers.dir/__/__/Drivers/STM32H5xx_HAL_Driver/Src/stm32h5xx_hal_rcc.c.obj
LOAD cmake/stm32cubemx/CMakeFiles/STM32_Drivers.dir/__/__/Drivers/STM32H5xx_HAL_Driver/Src/stm32h5xx_hal_rcc_ex.c.obj
LOAD cmake/stm32cubemx/CMakeFiles/STM32_Drivers.dir/__/__/Drivers/STM32H5xx_HAL_Driver/Src/stm32h5xx_hal_flash.c.obj
LOAD cmake/stm32cubemx/CMakeFiles/STM32_Drivers.dir/__/__/Drivers/STM32H5xx_HAL_Driver/Src/stm32h5xx_hal_flash_ex.c.obj
LOAD cmake/stm32cubemx/CMakeFiles/STM32_Drivers.dir/__/__/Drivers/STM32H5xx_HAL_Driver/Src/stm32h5xx_hal_gpio.c.obj
LOAD cmake/stm32cubemx/CMakeFiles/STM32_Drivers.dir/__/__/Drivers/STM32H5xx_HAL_Driver/Src/stm32h5xx_hal_dma.c.obj
LOAD cmake/stm32cubemx/CMakeFiles/STM32_Drivers.dir/__/__/Drivers/STM32H5xx_HAL_Driver/Src/stm32h5xx_hal_dma_ex.c.obj
LOAD cmake/stm32cubemx/CMakeFiles/STM32_Drivers.dir/__/__/Drivers/STM32H5xx_HAL_Driver/Src/stm32h5xx_hal_pwr.c.obj
LOAD cmake/stm32cubemx/CMakeFiles/STM32_Drivers.dir/__/__/Drivers/STM32H5xx_HAL_Driver/Src/stm32h5xx_hal_pwr_ex.c.obj
LOAD cmake/stm32cubemx/CMakeFiles/STM32_Drivers.dir/__/__/Drivers/STM32H5xx_HAL_Driver/Src/stm32h5xx_hal.c.obj
LOAD cmake/stm32cubemx/CMakeFiles/STM32_Drivers.dir/__/__/Drivers/STM32H5xx_HAL_Driver/Src/stm32h5xx_hal_exti.c.obj
LOAD cmake/stm32cubemx/CMakeFiles/STM32_Drivers.dir/__/__/Drivers/STM32H5xx_HAL_Driver/Src/stm32h5xx_hal_uart.c.obj
LOAD cmake/stm32cubemx/CMakeFiles/STM32_Drivers.dir/__/__/Drivers/STM32H5xx_HAL_Driver/Src/stm32h5xx_hal_uart_ex.c.obj
LOAD cmake/stm32cubemx/CMakeFiles/RTOS2.dir/__/__/Middlewares/Third_Party/FreeRTOS/Source/portable/MemMang/heap_4.c.obj
LOAD cmake/stm32cubemx/CMakeFiles/RTOS2.dir/__/__/Middlewares/Third_Party/FreeRTOS/Source/croutine.c.obj
LOAD cmake/stm32cubemx/CMakeFiles/RTOS2.dir/__/__/Middlewares/Third_Party/FreeRTOS/Source/event_groups.c.obj
LOAD cmake/stm32cubemx/CMakeFiles/RTOS2.dir/__/__/Middlewares/Third_Party/FreeRTOS/Source/list.c.obj
LOAD cmake/stm32cubemx/CMakeFiles/RTOS2.dir/__/__/Middlewares/Third_Party/FreeRTOS/Source/queue.c.obj
LOAD cmake/stm32cubemx/CMakeFiles/RTOS2.dir/__/__/Middlewares/Third_Party/FreeRTOS/Source/stream_buffer.c.obj
LOAD cmake/stm32cubemx/CMakeFiles/RTOS2.dir/__/__/Middlewares/Third_Party/FreeRTOS/Source/tasks.c.obj
LOAD cmake/stm32cubemx/CMakeFiles/RTOS2.dir/__/__/Middlewares/Third_Party/FreeRTOS/Source/timers.c.obj
LOAD cmake/stm32cubemx/CMakeFiles/RTOS2.dir/__/__/Middlewares/Third_Party/FreeRTOS/Source/portable/GCC/ARM_CM33_NTZ/non_secure/port.c.obj
LOAD cmake/stm32cubemx/CMakeFiles/RTOS2.dir/__/__/Middlewares/Third_Party/FreeRTOS/Source/portable/GCC/ARM_CM33_NTZ/non_secure/portasm.c.obj
LOAD cmake/stm32cubemx/CMakeFiles/RTOS2.dir/__/__/Middlewares/Third_Party/FreeRTOS/Source/CMSIS_RTOS_V2/cmsis_os2.c.obj
LOAD CMakeFiles/rtos_practice.dir/Core/Src/main.c.obj
LOAD CMakeFiles/rtos_practice.dir/Core/Src/gpio.c.obj
LOAD CMakeFiles/rtos_practice.dir/Core/Src/app_freertos.c.obj
LOAD CMakeFiles/rtos_practice.dir/Core/Src/icache.c.obj
LOAD CMakeFiles/rtos_practice.dir/Core/Src/usart.c.obj
LOAD CMakeFiles/rtos_practice.dir/Core/Src/stm32h5xx_it.c.obj
LOAD CMakeFiles/rtos_practice.dir/Core/Src/stm32h5xx_hal_msp.c.obj
LOAD CMakeFiles/rtos_practice.dir/Core/Src/stm32h5xx_hal_timebase_tim.c.obj
LOAD CMakeFiles/rtos_practice.dir/Core/Src/sysmem.c.obj
LOAD CMakeFiles/rtos_practice.dir/Core/Src/syscalls.c.obj
LOAD CMakeFiles/rtos_practice.dir/startup_stm32h562xx.s.obj
LOAD CMakeFiles/rtos_practice.dir/Core/Src/cli.c.obj
LOAD C:/ST/STM32CubeCLT_1.19.0/GNU-tools-for-STM32/bin/../lib/gcc/arm-none-eabi/13.3.1/../../../../arm-none-eabi/lib/thumb/v8-m.main+fp/hard\libm.a
START GROUP
LOAD C:/ST/STM32CubeCLT_1.19.0/GNU-tools-for-STM32/bin/../lib/gcc/arm-none-eabi/13.3.1/thumb/v8-m.main+fp/hard\libgcc.a
LOAD C:/ST/STM32CubeCLT_1.19.0/GNU-tools-for-STM32/bin/../lib/gcc/arm-none-eabi/13.3.1/../../../../arm-none-eabi/lib/thumb/v8-m.main+fp/hard\libg_nano.a
LOAD C:/ST/STM32CubeCLT_1.19.0/GNU-tools-for-STM32/bin/../lib/gcc/arm-none-eabi/13.3.1/../../../../arm-none-eabi/lib/thumb/v8-m.main+fp/hard\libc_nano.a
END GROUP
START GROUP
LOAD C:/ST/STM32CubeCLT_1.19.0/GNU-tools-for-STM32/bin/../lib/gcc/arm-none-eabi/13.3.1/thumb/v8-m.main+fp/hard\libgcc.a
LOAD C:/ST/STM32CubeCLT_1.19.0/GNU-tools-for-STM32/bin/../lib/gcc/arm-none-eabi/13.3.1/../../../../arm-none-eabi/lib/thumb/v8-m.main+fp/hard\libc_nano.a
END GROUP
LOAD C:/ST/STM32CubeCLT_1.19.0/GNU-tools-for-STM32/bin/../lib/gcc/arm-none-eabi/13.3.1/thumb/v8-m.main+fp/hard/crtend.o
LOAD C:/ST/STM32CubeCLT_1.19.0/GNU-tools-for-STM32/bin/../lib/gcc/arm-none-eabi/13.3.1/thumb/v8-m.main+fp/hard/crtn.o
                0x200a0000                        _estack = (ORIGIN (RAM) + LENGTH (RAM))
                0x00000200                        _Min_Heap_Size = 0x200
                0x00000400                        _Min_Stack_Size = 0x400

.isr_vector     0x08000000      0x24c
                0x08000000                        . = ALIGN (0x4)
 *(.isr_vector)
 .isr_vector    0x08000000      0x24c CMakeFiles/rtos_practice.dir/startup_stm32h562xx.s.obj
                0x08000000                g_pfnVectors
                0x0800024c                        . = ALIGN (0x4)

.text           0x08000250     0xf5c0
                0x08000250                        . = ALIGN (0x4)
 *(.text)
 .text          0x08000250       0x40 C:/ST/STM32CubeCLT_1.19.0/GNU-tools-for-STM32/bin/../lib/gcc/arm-none-eabi/13.3.1/thumb/v8-m.main+fp/hard/crtbegin.o
 .text          0x08000290       0x30 C:/ST/STM32CubeCLT_1.19.0/GNU-tools-for-STM32/bin/../lib/gcc/arm-none-eabi/13.3.1/thumb/v8-m.main+fp/hard\libgcc.a(_aeabi_uldivmod.o)
                0x08000290                __aeabi_uldivmod
 .text          0x080002c0      0x348 C:/ST/STM32CubeCLT_1.19.0/GNU-tools-for-STM32/bin/../lib/gcc/arm-none-eabi/13.3.1/thumb/v8-m.main+fp/hard\libgcc.a(_udivmoddi4.o)
                0x080002c0                __udivmoddi4
 .text          0x08000608        0x4 C:/ST/STM32CubeCLT_1.19.0/GNU-tools-for-STM32/bin/../lib/gcc/arm-none-eabi/13.3.1/thumb/v8-m.main+fp/hard\libgcc.a(_dvmd_tls.o)
                0x08000608                __aeabi_idiv0
                0x08000608                __aeabi_ldiv0
 .text          0x0800060c       0x10 C:/ST/STM32CubeCLT_1.19.0/GNU-tools-for-STM32/bin/../lib/gcc/arm-none-eabi/13.3.1/../../../../arm-none-eabi/lib/thumb/v8-m.main+fp/hard\libg_nano.a(libc_a-strlen.o)
                0x0800060c                strlen
 *(.text*)
 .text.SystemInit
                0x0800061c       0xf8 cmake/stm32cubemx/CMakeFiles/STM32_Drivers.dir/__/__/Core/Src/system_stm32h5xx.c.obj
                0x0800061c                SystemInit
 .text.HAL_TIM_Base_Init
                0x08000714       0xae cmake/stm32cubemx/CMakeFiles/STM32_Drivers.dir/__/__/Drivers/STM32H5xx_HAL_Driver/Src/stm32h5xx_hal_tim.c.obj
                0x08000714                HAL_TIM_Base_Init
 .text.HAL_TIM_Base_MspInit
                0x080007c2       0x14 cmake/stm32cubemx/CMakeFiles/STM32_Drivers.dir/__/__/Drivers/STM32H5xx_HAL_Driver/Src/stm32h5xx_hal_tim.c.obj
                0x080007c2                HAL_TIM_Base_MspInit
 *fill*         0x080007d6        0x2 
 .text.HAL_TIM_Base_Start_IT
                0x080007d8      0x15c cmake/stm32cubemx/CMakeFiles/STM32_Drivers.dir/__/__/Drivers/STM32H5xx_HAL_Driver/Src/stm32h5xx_hal_tim.c.obj
                0x080007d8                HAL_TIM_Base_Start_IT
 .text.HAL_TIM_IRQHandler
                0x08000934      0x29e cmake/stm32cubemx/CMakeFiles/STM32_Drivers.dir/__/__/Drivers/STM32H5xx_HAL_Driver/Src/stm32h5xx_hal_tim.c.obj
                0x08000934                HAL_TIM_IRQHandler
 .text.HAL_TIM_OC_DelayElapsedCallback
                0x08000bd2       0x14 cmake/stm32cubemx/CMakeFiles/STM32_Drivers.dir/__/__/Drivers/STM32H5xx_HAL_Driver/Src/stm32h5xx_hal_tim.c.obj
                0x08000bd2                HAL_TIM_OC_DelayElapsedCallback
 .text.HAL_TIM_IC_CaptureCallback
                0x08000be6       0x14 cmake/stm32cubemx/CMakeFiles/STM32_Drivers.dir/__/__/Drivers/STM32H5xx_HAL_Driver/Src/stm32h5xx_hal_tim.c.obj
                0x08000be6                HAL_TIM_IC_CaptureCallback
 .text.HAL_TIM_PWM_PulseFinishedCallback
                0x08000bfa       0x14 cmake/stm32cubemx/CMakeFiles/STM32_Drivers.dir/__/__/Drivers/STM32H5xx_HAL_Driver/Src/stm32h5xx_hal_tim.c.obj
                0x08000bfa                HAL_TIM_PWM_PulseFinishedCallback
 .text.HAL_TIM_TriggerCallback
                0x08000c0e       0x14 cmake/stm32cubemx/CMakeFiles/STM32_Drivers.dir/__/__/Drivers/STM32H5xx_HAL_Driver/Src/stm32h5xx_hal_tim.c.obj
                0x08000c0e                HAL_TIM_TriggerCallback
 *fill*         0x08000c22        0x2 
 .text.TIM_Base_SetConfig
                0x08000c24      0x254 cmake/stm32cubemx/CMakeFiles/STM32_Drivers.dir/__/__/Drivers/STM32H5xx_HAL_Driver/Src/stm32h5xx_hal_tim.c.obj
                0x08000c24                TIM_Base_SetConfig
 .text.HAL_TIMEx_CommutCallback
                0x08000e78       0x14 cmake/stm32cubemx/CMakeFiles/STM32_Drivers.dir/__/__/Drivers/STM32H5xx_HAL_Driver/Src/stm32h5xx_hal_tim_ex.c.obj
                0x08000e78                HAL_TIMEx_CommutCallback
 .text.HAL_TIMEx_BreakCallback
                0x08000e8c       0x14 cmake/stm32cubemx/CMakeFiles/STM32_Drivers.dir/__/__/Drivers/STM32H5xx_HAL_Driver/Src/stm32h5xx_hal_tim_ex.c.obj
                0x08000e8c                HAL_TIMEx_BreakCallback
 .text.HAL_TIMEx_Break2Callback
                0x08000ea0       0x14 cmake/stm32cubemx/CMakeFiles/STM32_Drivers.dir/__/__/Drivers/STM32H5xx_HAL_Driver/Src/stm32h5xx_hal_tim_ex.c.obj
                0x08000ea0                HAL_TIMEx_Break2Callback
 .text.HAL_TIMEx_EncoderIndexCallback
                0x08000eb4       0x14 cmake/stm32cubemx/CMakeFiles/STM32_Drivers.dir/__/__/Drivers/STM32H5xx_HAL_Driver/Src/stm32h5xx_hal_tim_ex.c.obj
                0x08000eb4                HAL_TIMEx_EncoderIndexCallback
 .text.HAL_TIMEx_DirectionChangeCallback
                0x08000ec8       0x14 cmake/stm32cubemx/CMakeFiles/STM32_Drivers.dir/__/__/Drivers/STM32H5xx_HAL_Driver/Src/stm32h5xx_hal_tim_ex.c.obj
                0x08000ec8                HAL_TIMEx_DirectionChangeCallback
 .text.HAL_TIMEx_IndexErrorCallback
                0x08000edc       0x14 cmake/stm32cubemx/CMakeFiles/STM32_Drivers.dir/__/__/Drivers/STM32H5xx_HAL_Driver/Src/stm32h5xx_hal_tim_ex.c.obj
                0x08000edc                HAL_TIMEx_IndexErrorCallback
 .text.HAL_TIMEx_TransitionErrorCallback
                0x08000ef0       0x14 cmake/stm32cubemx/CMakeFiles/STM32_Drivers.dir/__/__/Drivers/STM32H5xx_HAL_Driver/Src/stm32h5xx_hal_tim_ex.c.obj
                0x08000ef0                HAL_TIMEx_TransitionErrorCallback
 .text.__NVIC_SetPriorityGrouping
                0x08000f04       0x48 cmake/stm32cubemx/CMakeFiles/STM32_Drivers.dir/__/__/Drivers/STM32H5xx_HAL_Driver/Src/stm32h5xx_hal_cortex.c.obj
 .text.__NVIC_GetPriorityGrouping
                0x08000f4c       0x1c cmake/stm32cubemx/CMakeFiles/STM32_Drivers.dir/__/__/Drivers/STM32H5xx_HAL_Driver/Src/stm32h5xx_hal_cortex.c.obj
 .text.__NVIC_EnableIRQ
                0x08000f68       0x3c cmake/stm32cubemx/CMakeFiles/STM32_Drivers.dir/__/__/Drivers/STM32H5xx_HAL_Driver/Src/stm32h5xx_hal_cortex.c.obj
 .text.__NVIC_SetPriority
                0x08000fa4       0x54 cmake/stm32cubemx/CMakeFiles/STM32_Drivers.dir/__/__/Drivers/STM32H5xx_HAL_Driver/Src/stm32h5xx_hal_cortex.c.obj
 .text.NVIC_EncodePriority
                0x08000ff8       0x66 cmake/stm32cubemx/CMakeFiles/STM32_Drivers.dir/__/__/Drivers/STM32H5xx_HAL_Driver/Src/stm32h5xx_hal_cortex.c.obj
 .text.HAL_NVIC_SetPriorityGrouping
                0x0800105e       0x16 cmake/stm32cubemx/CMakeFiles/STM32_Drivers.dir/__/__/Drivers/STM32H5xx_HAL_Driver/Src/stm32h5xx_hal_cortex.c.obj
                0x0800105e                HAL_NVIC_SetPriorityGrouping
 .text.HAL_NVIC_SetPriority
                0x08001074       0x34 cmake/stm32cubemx/CMakeFiles/STM32_Drivers.dir/__/__/Drivers/STM32H5xx_HAL_Driver/Src/stm32h5xx_hal_cortex.c.obj
                0x08001074                HAL_NVIC_SetPriority
 .text.HAL_NVIC_EnableIRQ
                0x080010a8       0x1c cmake/stm32cubemx/CMakeFiles/STM32_Drivers.dir/__/__/Drivers/STM32H5xx_HAL_Driver/Src/stm32h5xx_hal_cortex.c.obj
                0x080010a8                HAL_NVIC_EnableIRQ
 .text.HAL_SYSTICK_CLKSourceConfig
                0x080010c4       0xb0 cmake/stm32cubemx/CMakeFiles/STM32_Drivers.dir/__/__/Drivers/STM32H5xx_HAL_Driver/Src/stm32h5xx_hal_cortex.c.obj
                0x080010c4                HAL_SYSTICK_CLKSourceConfig
 .text.HAL_ICACHE_ConfigAssociativityMode
                0x08001174       0x40 cmake/stm32cubemx/CMakeFiles/STM32_Drivers.dir/__/__/Drivers/STM32H5xx_HAL_Driver/Src/stm32h5xx_hal_icache.c.obj
                0x08001174                HAL_ICACHE_ConfigAssociativityMode
 .text.HAL_ICACHE_Enable
                0x080011b4       0x20 cmake/stm32cubemx/CMakeFiles/STM32_Drivers.dir/__/__/Drivers/STM32H5xx_HAL_Driver/Src/stm32h5xx_hal_icache.c.obj
                0x080011b4                HAL_ICACHE_Enable
 .text.HAL_RCC_OscConfig
                0x080011d4      0x870 cmake/stm32cubemx/CMakeFiles/STM32_Drivers.dir/__/__/Drivers/STM32H5xx_HAL_Driver/Src/stm32h5xx_hal_rcc.c.obj
                0x080011d4                HAL_RCC_OscConfig
 .text.HAL_RCC_ClockConfig
                0x08001a44      0x370 cmake/stm32cubemx/CMakeFiles/STM32_Drivers.dir/__/__/Drivers/STM32H5xx_HAL_Driver/Src/stm32h5xx_hal_rcc.c.obj
                0x08001a44                HAL_RCC_ClockConfig
 .text.HAL_RCC_GetSysClockFreq
                0x08001db4      0x258 cmake/stm32cubemx/CMakeFiles/STM32_Drivers.dir/__/__/Drivers/STM32H5xx_HAL_Driver/Src/stm32h5xx_hal_rcc.c.obj
                0x08001db4                HAL_RCC_GetSysClockFreq
 .text.HAL_RCC_GetHCLKFreq
                0x0800200c       0x38 cmake/stm32cubemx/CMakeFiles/STM32_Drivers.dir/__/__/Drivers/STM32H5xx_HAL_Driver/Src/stm32h5xx_hal_rcc.c.obj
                0x0800200c                HAL_RCC_GetHCLKFreq
 .text.HAL_RCC_GetPCLK1Freq
                0x08002044       0x2c cmake/stm32cubemx/CMakeFiles/STM32_Drivers.dir/__/__/Drivers/STM32H5xx_HAL_Driver/Src/stm32h5xx_hal_rcc.c.obj
                0x08002044                HAL_RCC_GetPCLK1Freq
 .text.HAL_RCC_GetPCLK2Freq
                0x08002070       0x2c cmake/stm32cubemx/CMakeFiles/STM32_Drivers.dir/__/__/Drivers/STM32H5xx_HAL_Driver/Src/stm32h5xx_hal_rcc.c.obj
                0x08002070                HAL_RCC_GetPCLK2Freq
 .text.HAL_RCC_GetPCLK3Freq
                0x0800209c       0x2c cmake/stm32cubemx/CMakeFiles/STM32_Drivers.dir/__/__/Drivers/STM32H5xx_HAL_Driver/Src/stm32h5xx_hal_rcc.c.obj
                0x0800209c                HAL_RCC_GetPCLK3Freq
 .text.HAL_RCC_GetClockConfig
                0x080020c8       0x70 cmake/stm32cubemx/CMakeFiles/STM32_Drivers.dir/__/__/Drivers/STM32H5xx_HAL_Driver/Src/stm32h5xx_hal_rcc.c.obj
                0x080020c8                HAL_RCC_GetClockConfig
 .text.HAL_RCCEx_PeriphCLKConfig
                0x08002138     0x1e8c cmake/stm32cubemx/CMakeFiles/STM32_Drivers.dir/__/__/Drivers/STM32H5xx_HAL_Driver/Src/stm32h5xx_hal_rcc_ex.c.obj
                0x08002138                HAL_RCCEx_PeriphCLKConfig
 .text.HAL_RCCEx_GetPLL1ClockFreq
                0x08003fc4      0x2d8 cmake/stm32cubemx/CMakeFiles/STM32_Drivers.dir/__/__/Drivers/STM32H5xx_HAL_Driver/Src/stm32h5xx_hal_rcc_ex.c.obj
                0x08003fc4                HAL_RCCEx_GetPLL1ClockFreq
 .text.HAL_RCCEx_GetPLL2ClockFreq
                0x0800429c      0x2d8 cmake/stm32cubemx/CMakeFiles/STM32_Drivers.dir/__/__/Drivers/STM32H5xx_HAL_Driver/Src/stm32h5xx_hal_rcc_ex.c.obj
                0x0800429c                HAL_RCCEx_GetPLL2ClockFreq
 .text.HAL_RCCEx_GetPLL3ClockFreq
                0x08004574      0x2d8 cmake/stm32cubemx/CMakeFiles/STM32_Drivers.dir/__/__/Drivers/STM32H5xx_HAL_Driver/Src/stm32h5xx_hal_rcc_ex.c.obj
                0x08004574                HAL_RCCEx_GetPLL3ClockFreq
 .text.HAL_RCCEx_GetPeriphCLKFreq
                0x0800484c     0x264c cmake/stm32cubemx/CMakeFiles/STM32_Drivers.dir/__/__/Drivers/STM32H5xx_HAL_Driver/Src/stm32h5xx_hal_rcc_ex.c.obj
                0x0800484c                HAL_RCCEx_GetPeriphCLKFreq
 .text.RCCEx_PLL2_Config
                0x08006e98      0x130 cmake/stm32cubemx/CMakeFiles/STM32_Drivers.dir/__/__/Drivers/STM32H5xx_HAL_Driver/Src/stm32h5xx_hal_rcc_ex.c.obj
 .text.RCCEx_PLL3_Config
                0x08006fc8      0x130 cmake/stm32cubemx/CMakeFiles/STM32_Drivers.dir/__/__/Drivers/STM32H5xx_HAL_Driver/Src/stm32h5xx_hal_rcc_ex.c.obj
 .text.HAL_GPIO_Init
                0x080070f8      0x2bc cmake/stm32cubemx/CMakeFiles/STM32_Drivers.dir/__/__/Drivers/STM32H5xx_HAL_Driver/Src/stm32h5xx_hal_gpio.c.obj
                0x080070f8                HAL_GPIO_Init
 .text.HAL_DMA_Start_IT
                0x080073b4       0xcc cmake/stm32cubemx/CMakeFiles/STM32_Drivers.dir/__/__/Drivers/STM32H5xx_HAL_Driver/Src/stm32h5xx_hal_dma.c.obj
                0x080073b4                HAL_DMA_Start_IT
 .text.HAL_DMA_Abort
                0x08007480       0xf8 cmake/stm32cubemx/CMakeFiles/STM32_Drivers.dir/__/__/Drivers/STM32H5xx_HAL_Driver/Src/stm32h5xx_hal_dma.c.obj
                0x08007480                HAL_DMA_Abort
 .text.HAL_DMA_Abort_IT
                0x08007578       0x52 cmake/stm32cubemx/CMakeFiles/STM32_Drivers.dir/__/__/Drivers/STM32H5xx_HAL_Driver/Src/stm32h5xx_hal_dma.c.obj
                0x08007578                HAL_DMA_Abort_IT
 .text.DMA_SetConfig
                0x080075ca       0x4a cmake/stm32cubemx/CMakeFiles/STM32_Drivers.dir/__/__/Drivers/STM32H5xx_HAL_Driver/Src/stm32h5xx_hal_dma.c.obj
 .text.HAL_DMAEx_List_Start_IT
                0x08007614      0x134 cmake/stm32cubemx/CMakeFiles/STM32_Drivers.dir/__/__/Drivers/STM32H5xx_HAL_Driver/Src/stm32h5xx_hal_dma_ex.c.obj
                0x08007614                HAL_DMAEx_List_Start_IT
 .text.DMA_List_GetCLLRNodeInfo
                0x08007748       0x60 cmake/stm32cubemx/CMakeFiles/STM32_Drivers.dir/__/__/Drivers/STM32H5xx_HAL_Driver/Src/stm32h5xx_hal_dma_ex.c.obj
 .text.HAL_Init
                0x080077a8       0x50 cmake/stm32cubemx/CMakeFiles/STM32_Drivers.dir/__/__/Drivers/STM32H5xx_HAL_Driver/Src/stm32h5xx_hal.c.obj
                0x080077a8                HAL_Init
 .text.HAL_IncTick
                0x080077f8       0x28 cmake/stm32cubemx/CMakeFiles/STM32_Drivers.dir/__/__/Drivers/STM32H5xx_HAL_Driver/Src/stm32h5xx_hal.c.obj
                0x080077f8                HAL_IncTick
 .text.HAL_GetTick
                0x08007820       0x18 cmake/stm32cubemx/CMakeFiles/STM32_Drivers.dir/__/__/Drivers/STM32H5xx_HAL_Driver/Src/stm32h5xx_hal.c.obj
                0x08007820                HAL_GetTick
 .text.HAL_UART_Init
                0x08007838       0xa0 cmake/stm32cubemx/CMakeFiles/STM32_Drivers.dir/__/__/Drivers/STM32H5xx_HAL_Driver/Src/stm32h5xx_hal_uart.c.obj
                0x08007838                HAL_UART_Init
 .text.HAL_UART_Transmit
                0x080078d8      0x13c cmake/stm32cubemx/CMakeFiles/STM32_Drivers.dir/__/__/Drivers/STM32H5xx_HAL_Driver/Src/stm32h5xx_hal_uart.c.obj
                0x080078d8                HAL_UART_Transmit
 .text.HAL_UART_Receive
                0x08007a14      0x1ae cmake/stm32cubemx/CMakeFiles/STM32_Drivers.dir/__/__/Drivers/STM32H5xx_HAL_Driver/Src/stm32h5xx_hal_uart.c.obj
                0x08007a14                HAL_UART_Receive
 *fill*         0x08007bc2        0x2 
 .text.HAL_UART_Transmit_IT
                0x08007bc4      0x148 cmake/stm32cubemx/CMakeFiles/STM32_Drivers.dir/__/__/Drivers/STM32H5xx_HAL_Driver/Src/stm32h5xx_hal_uart.c.obj
                0x08007bc4                HAL_UART_Transmit_IT
 .text.HAL_UART_Receive_IT
                0x08007d0c       0xc4 cmake/stm32cubemx/CMakeFiles/STM32_Drivers.dir/__/__/Drivers/STM32H5xx_HAL_Driver/Src/stm32h5xx_hal_uart.c.obj
                0x08007d0c                HAL_UART_Receive_IT
 .text.HAL_UART_Transmit_DMA
                0x08007dd0      0x190 cmake/stm32cubemx/CMakeFiles/STM32_Drivers.dir/__/__/Drivers/STM32H5xx_HAL_Driver/Src/stm32h5xx_hal_uart.c.obj
                0x08007dd0                HAL_UART_Transmit_DMA
 .text.HAL_UART_Receive_DMA
                0x08007f60       0xa4 cmake/stm32cubemx/CMakeFiles/STM32_Drivers.dir/__/__/Drivers/STM32H5xx_HAL_Driver/Src/stm32h5xx_hal_uart.c.obj
                0x08007f60                HAL_UART_Receive_DMA
 .text.HAL_UART_IRQHandler
                0x08008004      0x5dc cmake/stm32cubemx/CMakeFiles/STM32_Drivers.dir/__/__/Drivers/STM32H5xx_HAL_Driver/Src/stm32h5xx_hal_uart.c.obj
                0x08008004                HAL_UART_IRQHandler
 .text.HAL_UART_TxHalfCpltCallback
                0x080085e0       0x14 cmake/stm32cubemx/CMakeFiles/STM32_Drivers.dir/__/__/Drivers/STM32H5xx_HAL_Driver/Src/stm32h5xx_hal_uart.c.obj
                0x080085e0                HAL_UART_TxHalfCpltCallback
 .text.HAL_UART_RxHalfCpltCallback
                0x080085f4       0x14 cmake/stm32cubemx/CMakeFiles/STM32_Drivers.dir/__/__/Drivers/STM32H5xx_HAL_Driver/Src/stm32h5xx_hal_uart.c.obj
                0x080085f4                HAL_UART_RxHalfCpltCallback
 .text.HAL_UART_ErrorCallback
                0x08008608       0x14 cmake/stm32cubemx/CMakeFiles/STM32_Drivers.dir/__/__/Drivers/STM32H5xx_HAL_Driver/Src/stm32h5xx_hal_uart.c.obj
                0x08008608                HAL_UART_ErrorCallback
 .text.HAL_UARTEx_RxEventCallback
                0x0800861c       0x18 cmake/stm32cubemx/CMakeFiles/STM32_Drivers.dir/__/__/Drivers/STM32H5xx_HAL_Driver/Src/stm32h5xx_hal_uart.c.obj
                0x0800861c                HAL_UARTEx_RxEventCallback
 .text.UART_SetConfig
                0x08008634      0x3dc cmake/stm32cubemx/CMakeFiles/STM32_Drivers.dir/__/__/Drivers/STM32H5xx_HAL_Driver/Src/stm32h5xx_hal_uart.c.obj
                0x08008634                UART_SetConfig
 .text.UART_AdvFeatureConfig
                0x08008a10      0x144 cmake/stm32cubemx/CMakeFiles/STM32_Drivers.dir/__/__/Drivers/STM32H5xx_HAL_Driver/Src/stm32h5xx_hal_uart.c.obj
                0x08008a10                UART_AdvFeatureConfig
 .text.UART_CheckIdleState
                0x08008b54      0x154 cmake/stm32cubemx/CMakeFiles/STM32_Drivers.dir/__/__/Drivers/STM32H5xx_HAL_Driver/Src/stm32h5xx_hal_uart.c.obj
                0x08008b54                UART_CheckIdleState
 .text.UART_WaitOnFlagUntilTimeout
                0x08008ca8       0xda cmake/stm32cubemx/CMakeFiles/STM32_Drivers.dir/__/__/Drivers/STM32H5xx_HAL_Driver/Src/stm32h5xx_hal_uart.c.obj
                0x08008ca8                UART_WaitOnFlagUntilTimeout
 *fill*         0x08008d82        0x2 
 .text.UART_Start_Receive_IT
                0x08008d84      0x244 cmake/stm32cubemx/CMakeFiles/STM32_Drivers.dir/__/__/Drivers/STM32H5xx_HAL_Driver/Src/stm32h5xx_hal_uart.c.obj
                0x08008d84                UART_Start_Receive_IT
 .text.UART_Start_Receive_DMA
                0x08008fc8      0x1f0 cmake/stm32cubemx/CMakeFiles/STM32_Drivers.dir/__/__/Drivers/STM32H5xx_HAL_Driver/Src/stm32h5xx_hal_uart.c.obj
                0x08008fc8                UART_Start_Receive_DMA
 .text.UART_EndTxTransfer
                0x080091b8       0x82 cmake/stm32cubemx/CMakeFiles/STM32_Drivers.dir/__/__/Drivers/STM32H5xx_HAL_Driver/Src/stm32h5xx_hal_uart.c.obj
 .text.UART_EndRxTransfer
                0x0800923a       0xcc cmake/stm32cubemx/CMakeFiles/STM32_Drivers.dir/__/__/Drivers/STM32H5xx_HAL_Driver/Src/stm32h5xx_hal_uart.c.obj
 .text.UART_DMATransmitCplt
                0x08009306       0x60 cmake/stm32cubemx/CMakeFiles/STM32_Drivers.dir/__/__/Drivers/STM32H5xx_HAL_Driver/Src/stm32h5xx_hal_uart.c.obj
 .text.UART_DMATxHalfCplt
                0x08009366       0x1c cmake/stm32cubemx/CMakeFiles/STM32_Drivers.dir/__/__/Drivers/STM32H5xx_HAL_Driver/Src/stm32h5xx_hal_uart.c.obj
 .text.UART_DMAReceiveCplt
                0x08009382      0x128 cmake/stm32cubemx/CMakeFiles/STM32_Drivers.dir/__/__/Drivers/STM32H5xx_HAL_Driver/Src/stm32h5xx_hal_uart.c.obj
 .text.UART_DMARxHalfCplt
                0x080094aa       0x72 cmake/stm32cubemx/CMakeFiles/STM32_Drivers.dir/__/__/Drivers/STM32H5xx_HAL_Driver/Src/stm32h5xx_hal_uart.c.obj
 .text.UART_DMAError
                0x0800951c       0x80 cmake/stm32cubemx/CMakeFiles/STM32_Drivers.dir/__/__/Drivers/STM32H5xx_HAL_Driver/Src/stm32h5xx_hal_uart.c.obj
 .text.UART_DMAAbortOnError
                0x0800959c       0x24 cmake/stm32cubemx/CMakeFiles/STM32_Drivers.dir/__/__/Drivers/STM32H5xx_HAL_Driver/Src/stm32h5xx_hal_uart.c.obj
 .text.UART_TxISR_8BIT
                0x080095c0       0xb8 cmake/stm32cubemx/CMakeFiles/STM32_Drivers.dir/__/__/Drivers/STM32H5xx_HAL_Driver/Src/stm32h5xx_hal_uart.c.obj
 .text.UART_TxISR_16BIT
                0x08009678       0xc2 cmake/stm32cubemx/CMakeFiles/STM32_Drivers.dir/__/__/Drivers/STM32H5xx_HAL_Driver/Src/stm32h5xx_hal_uart.c.obj
 .text.UART_TxISR_8BIT_FIFOEN
                0x0800973a       0xe0 cmake/stm32cubemx/CMakeFiles/STM32_Drivers.dir/__/__/Drivers/STM32H5xx_HAL_Driver/Src/stm32h5xx_hal_uart.c.obj
 .text.UART_TxISR_16BIT_FIFOEN
                0x0800981a       0xea cmake/stm32cubemx/CMakeFiles/STM32_Drivers.dir/__/__/Drivers/STM32H5xx_HAL_Driver/Src/stm32h5xx_hal_uart.c.obj
 .text.UART_EndTransmit_IT
                0x08009904       0x56 cmake/stm32cubemx/CMakeFiles/STM32_Drivers.dir/__/__/Drivers/STM32H5xx_HAL_Driver/Src/stm32h5xx_hal_uart.c.obj
 *fill*         0x0800995a        0x2 
 .text.UART_RxISR_8BIT
                0x0800995c      0x1c4 cmake/stm32cubemx/CMakeFiles/STM32_Drivers.dir/__/__/Drivers/STM32H5xx_HAL_Driver/Src/stm32h5xx_hal_uart.c.obj
 .text.UART_RxISR_16BIT
                0x08009b20      0x1c4 cmake/stm32cubemx/CMakeFiles/STM32_Drivers.dir/__/__/Drivers/STM32H5xx_HAL_Driver/Src/stm32h5xx_hal_uart.c.obj
 .text.UART_RxISR_8BIT_FIFOEN
                0x08009ce4      0x370 cmake/stm32cubemx/CMakeFiles/STM32_Drivers.dir/__/__/Drivers/STM32H5xx_HAL_Driver/Src/stm32h5xx_hal_uart.c.obj
 .text.UART_RxISR_16BIT_FIFOEN
                0x0800a054      0x378 cmake/stm32cubemx/CMakeFiles/STM32_Drivers.dir/__/__/Drivers/STM32H5xx_HAL_Driver/Src/stm32h5xx_hal_uart.c.obj
 .text.HAL_UARTEx_WakeupCallback
                0x0800a3cc       0x14 cmake/stm32cubemx/CMakeFiles/STM32_Drivers.dir/__/__/Drivers/STM32H5xx_HAL_Driver/Src/stm32h5xx_hal_uart_ex.c.obj
                0x0800a3cc                HAL_UARTEx_WakeupCallback
 .text.HAL_UARTEx_RxFifoFullCallback
                0x0800a3e0       0x14 cmake/stm32cubemx/CMakeFiles/STM32_Drivers.dir/__/__/Drivers/STM32H5xx_HAL_Driver/Src/stm32h5xx_hal_uart_ex.c.obj
                0x0800a3e0                HAL_UARTEx_RxFifoFullCallback
 .text.HAL_UARTEx_TxFifoEmptyCallback
                0x0800a3f4       0x14 cmake/stm32cubemx/CMakeFiles/STM32_Drivers.dir/__/__/Drivers/STM32H5xx_HAL_Driver/Src/stm32h5xx_hal_uart_ex.c.obj
                0x0800a3f4                HAL_UARTEx_TxFifoEmptyCallback
 .text.HAL_UARTEx_DisableFifoMode
                0x0800a408       0x72 cmake/stm32cubemx/CMakeFiles/STM32_Drivers.dir/__/__/Drivers/STM32H5xx_HAL_Driver/Src/stm32h5xx_hal_uart_ex.c.obj
                0x0800a408                HAL_UARTEx_DisableFifoMode
 .text.HAL_UARTEx_SetTxFifoThreshold
                0x0800a47a       0x7c cmake/stm32cubemx/CMakeFiles/STM32_Drivers.dir/__/__/Drivers/STM32H5xx_HAL_Driver/Src/stm32h5xx_hal_uart_ex.c.obj
                0x0800a47a                HAL_UARTEx_SetTxFifoThreshold
 .text.HAL_UARTEx_SetRxFifoThreshold
                0x0800a4f6       0x7c cmake/stm32cubemx/CMakeFiles/STM32_Drivers.dir/__/__/Drivers/STM32H5xx_HAL_Driver/Src/stm32h5xx_hal_uart_ex.c.obj
                0x0800a4f6                HAL_UARTEx_SetRxFifoThreshold
 *fill*         0x0800a572        0x2 
 .text.UARTEx_SetNbDataToProcess
                0x0800a574       0x9c cmake/stm32cubemx/CMakeFiles/STM32_Drivers.dir/__/__/Drivers/STM32H5xx_HAL_Driver/Src/stm32h5xx_hal_uart_ex.c.obj
 .text.pvPortMalloc
                0x0800a610      0x178 cmake/stm32cubemx/CMakeFiles/RTOS2.dir/__/__/Middlewares/Third_Party/FreeRTOS/Source/portable/MemMang/heap_4.c.obj
                0x0800a610                pvPortMalloc
 .text.vPortFree
                0x0800a788       0x94 cmake/stm32cubemx/CMakeFiles/RTOS2.dir/__/__/Middlewares/Third_Party/FreeRTOS/Source/portable/MemMang/heap_4.c.obj
                0x0800a788                vPortFree
 .text.prvHeapInit
                0x0800a81c       0xb8 cmake/stm32cubemx/CMakeFiles/RTOS2.dir/__/__/Middlewares/Third_Party/FreeRTOS/Source/portable/MemMang/heap_4.c.obj
 .text.prvInsertBlockIntoFreeList
                0x0800a8d4       0xb4 cmake/stm32cubemx/CMakeFiles/RTOS2.dir/__/__/Middlewares/Third_Party/FreeRTOS/Source/portable/MemMang/heap_4.c.obj
 .text.vListInitialise
                0x0800a988       0x40 cmake/stm32cubemx/CMakeFiles/RTOS2.dir/__/__/Middlewares/Third_Party/FreeRTOS/Source/list.c.obj
                0x0800a988                vListInitialise
 .text.vListInitialiseItem
                0x0800a9c8       0x1a cmake/stm32cubemx/CMakeFiles/RTOS2.dir/__/__/Middlewares/Third_Party/FreeRTOS/Source/list.c.obj
                0x0800a9c8                vListInitialiseItem
 .text.vListInsert
                0x0800a9e2       0x72 cmake/stm32cubemx/CMakeFiles/RTOS2.dir/__/__/Middlewares/Third_Party/FreeRTOS/Source/list.c.obj
                0x0800a9e2                vListInsert
 .text.uxListRemove
                0x0800aa54       0x54 cmake/stm32cubemx/CMakeFiles/RTOS2.dir/__/__/Middlewares/Third_Party/FreeRTOS/Source/list.c.obj
                0x0800aa54                uxListRemove
 .text.xQueueGenericReset
                0x0800aaa8       0xf2 cmake/stm32cubemx/CMakeFiles/RTOS2.dir/__/__/Middlewares/Third_Party/FreeRTOS/Source/queue.c.obj
                0x0800aaa8                xQueueGenericReset
 .text.xQueueGenericCreateStatic
                0x0800ab9a       0x92 cmake/stm32cubemx/CMakeFiles/RTOS2.dir/__/__/Middlewares/Third_Party/FreeRTOS/Source/queue.c.obj
                0x0800ab9a                xQueueGenericCreateStatic
 .text.xQueueGenericCreate
                0x0800ac2c       0x96 cmake/stm32cubemx/CMakeFiles/RTOS2.dir/__/__/Middlewares/Third_Party/FreeRTOS/Source/queue.c.obj
                0x0800ac2c                xQueueGenericCreate
 .text.prvInitialiseNewQueue
                0x0800acc2       0x46 cmake/stm32cubemx/CMakeFiles/RTOS2.dir/__/__/Middlewares/Third_Party/FreeRTOS/Source/queue.c.obj
 .text.xQueueCreateCountingSemaphoreStatic
                0x0800ad08       0x56 cmake/stm32cubemx/CMakeFiles/RTOS2.dir/__/__/Middlewares/Third_Party/FreeRTOS/Source/queue.c.obj
                0x0800ad08                xQueueCreateCountingSemaphoreStatic
 .text.xQueueCreateCountingSemaphore
                0x0800ad5e       0x4e cmake/stm32cubemx/CMakeFiles/RTOS2.dir/__/__/Middlewares/Third_Party/FreeRTOS/Source/queue.c.obj
                0x0800ad5e                xQueueCreateCountingSemaphore
 .text.xQueueGenericSend
                0x0800adac      0x19a cmake/stm32cubemx/CMakeFiles/RTOS2.dir/__/__/Middlewares/Third_Party/FreeRTOS/Source/queue.c.obj
                0x0800adac                xQueueGenericSend
 .text.xQueueGiveFromISR
                0x0800af46       0xf0 cmake/stm32cubemx/CMakeFiles/RTOS2.dir/__/__/Middlewares/Third_Party/FreeRTOS/Source/queue.c.obj
                0x0800af46                xQueueGiveFromISR
 .text.xQueueReceive
                0x0800b036      0x178 cmake/stm32cubemx/CMakeFiles/RTOS2.dir/__/__/Middlewares/Third_Party/FreeRTOS/Source/queue.c.obj
                0x0800b036                xQueueReceive
 .text.xQueueSemaphoreTake
                0x0800b1ae      0x1b4 cmake/stm32cubemx/CMakeFiles/RTOS2.dir/__/__/Middlewares/Third_Party/FreeRTOS/Source/queue.c.obj
                0x0800b1ae                xQueueSemaphoreTake
 .text.xQueueReceiveFromISR
                0x0800b362       0xe4 cmake/stm32cubemx/CMakeFiles/RTOS2.dir/__/__/Middlewares/Third_Party/FreeRTOS/Source/queue.c.obj
                0x0800b362                xQueueReceiveFromISR
 .text.vQueueDelete
                0x0800b446       0x38 cmake/stm32cubemx/CMakeFiles/RTOS2.dir/__/__/Middlewares/Third_Party/FreeRTOS/Source/queue.c.obj
                0x0800b446                vQueueDelete
 .text.prvGetDisinheritPriorityAfterTimeout
                0x0800b47e       0x30 cmake/stm32cubemx/CMakeFiles/RTOS2.dir/__/__/Middlewares/Third_Party/FreeRTOS/Source/queue.c.obj
 .text.prvCopyDataToQueue
                0x0800b4ae       0xd4 cmake/stm32cubemx/CMakeFiles/RTOS2.dir/__/__/Middlewares/Third_Party/FreeRTOS/Source/queue.c.obj
 .text.prvCopyDataFromQueue
                0x0800b582       0x4c cmake/stm32cubemx/CMakeFiles/RTOS2.dir/__/__/Middlewares/Third_Party/FreeRTOS/Source/queue.c.obj
 .text.prvUnlockQueue
                0x0800b5ce       0xa4 cmake/stm32cubemx/CMakeFiles/RTOS2.dir/__/__/Middlewares/Third_Party/FreeRTOS/Source/queue.c.obj
 .text.prvIsQueueEmpty
                0x0800b672       0x2c cmake/stm32cubemx/CMakeFiles/RTOS2.dir/__/__/Middlewares/Third_Party/FreeRTOS/Source/queue.c.obj
 .text.prvIsQueueFull
                0x0800b69e       0x30 cmake/stm32cubemx/CMakeFiles/RTOS2.dir/__/__/Middlewares/Third_Party/FreeRTOS/Source/queue.c.obj
 *fill*         0x0800b6ce        0x2 
 .text.vQueueAddToRegistry
                0x0800b6d0       0x8c cmake/stm32cubemx/CMakeFiles/RTOS2.dir/__/__/Middlewares/Third_Party/FreeRTOS/Source/queue.c.obj
                0x0800b6d0                vQueueAddToRegistry
 .text.vQueueUnregisterQueue
                0x0800b75c       0x60 cmake/stm32cubemx/CMakeFiles/RTOS2.dir/__/__/Middlewares/Third_Party/FreeRTOS/Source/queue.c.obj
                0x0800b75c                vQueueUnregisterQueue
 .text.vQueueWaitForMessageRestricted
                0x0800b7bc       0x68 cmake/stm32cubemx/CMakeFiles/RTOS2.dir/__/__/Middlewares/Third_Party/FreeRTOS/Source/queue.c.obj
                0x0800b7bc                vQueueWaitForMessageRestricted
 .text.xTaskCreateStatic
                0x0800b824       0x9a cmake/stm32cubemx/CMakeFiles/RTOS2.dir/__/__/Middlewares/Third_Party/FreeRTOS/Source/tasks.c.obj
                0x0800b824                xTaskCreateStatic
 .text.xTaskCreate
                0x0800b8be       0x94 cmake/stm32cubemx/CMakeFiles/RTOS2.dir/__/__/Middlewares/Third_Party/FreeRTOS/Source/tasks.c.obj
                0x0800b8be                xTaskCreate
 .text.prvInitialiseNewTask
                0x0800b952      0x104 cmake/stm32cubemx/CMakeFiles/RTOS2.dir/__/__/Middlewares/Third_Party/FreeRTOS/Source/tasks.c.obj
 *fill*         0x0800ba56        0x2 
 .text.prvAddNewTaskToReadyList
                0x0800ba58      0x120 cmake/stm32cubemx/CMakeFiles/RTOS2.dir/__/__/Middlewares/Third_Party/FreeRTOS/Source/tasks.c.obj
 .text.vTaskDelay
                0x0800bb78       0x4c cmake/stm32cubemx/CMakeFiles/RTOS2.dir/__/__/Middlewares/Third_Party/FreeRTOS/Source/tasks.c.obj
                0x0800bb78                vTaskDelay
 .text.vTaskStartScheduler
                0x0800bbc4       0xb8 cmake/stm32cubemx/CMakeFiles/RTOS2.dir/__/__/Middlewares/Third_Party/FreeRTOS/Source/tasks.c.obj
                0x0800bbc4                vTaskStartScheduler
 .text.vTaskSuspendAll
                0x0800bc7c       0x1c cmake/stm32cubemx/CMakeFiles/RTOS2.dir/__/__/Middlewares/Third_Party/FreeRTOS/Source/tasks.c.obj
                0x0800bc7c                vTaskSuspendAll
 .text.xTaskResumeAll
                0x0800bc98      0x1dc cmake/stm32cubemx/CMakeFiles/RTOS2.dir/__/__/Middlewares/Third_Party/FreeRTOS/Source/tasks.c.obj
                0x0800bc98                xTaskResumeAll
 .text.xTaskGetTickCount
                0x0800be74       0x20 cmake/stm32cubemx/CMakeFiles/RTOS2.dir/__/__/Middlewares/Third_Party/FreeRTOS/Source/tasks.c.obj
                0x0800be74                xTaskGetTickCount
 .text.uxTaskGetNumberOfTasks
                0x0800be94       0x18 cmake/stm32cubemx/CMakeFiles/RTOS2.dir/__/__/Middlewares/Third_Party/FreeRTOS/Source/tasks.c.obj
                0x0800be94                uxTaskGetNumberOfTasks
 .text.xTaskIncrementTick
                0x0800beac      0x220 cmake/stm32cubemx/CMakeFiles/RTOS2.dir/__/__/Middlewares/Third_Party/FreeRTOS/Source/tasks.c.obj
                0x0800beac                xTaskIncrementTick
 .text.vTaskSwitchContext
                0x0800c0cc       0xa8 cmake/stm32cubemx/CMakeFiles/RTOS2.dir/__/__/Middlewares/Third_Party/FreeRTOS/Source/tasks.c.obj
                0x0800c0cc                vTaskSwitchContext
 .text.vTaskPlaceOnEventList
                0x0800c174       0x3c cmake/stm32cubemx/CMakeFiles/RTOS2.dir/__/__/Middlewares/Third_Party/FreeRTOS/Source/tasks.c.obj
                0x0800c174                vTaskPlaceOnEventList
 .text.vTaskPlaceOnEventListRestricted
                0x0800c1b0       0x7c cmake/stm32cubemx/CMakeFiles/RTOS2.dir/__/__/Middlewares/Third_Party/FreeRTOS/Source/tasks.c.obj
                0x0800c1b0                vTaskPlaceOnEventListRestricted
 .text.xTaskRemoveFromEventList
                0x0800c22c      0x19c cmake/stm32cubemx/CMakeFiles/RTOS2.dir/__/__/Middlewares/Third_Party/FreeRTOS/Source/tasks.c.obj
                0x0800c22c                xTaskRemoveFromEventList
 .text.vTaskInternalSetTimeOutState
                0x0800c3c8       0x2c cmake/stm32cubemx/CMakeFiles/RTOS2.dir/__/__/Middlewares/Third_Party/FreeRTOS/Source/tasks.c.obj
                0x0800c3c8                vTaskInternalSetTimeOutState
 .text.xTaskCheckForTimeOut
                0x0800c3f4       0xb0 cmake/stm32cubemx/CMakeFiles/RTOS2.dir/__/__/Middlewares/Third_Party/FreeRTOS/Source/tasks.c.obj
                0x0800c3f4                xTaskCheckForTimeOut
 .text.vTaskMissedYield
                0x0800c4a4       0x18 cmake/stm32cubemx/CMakeFiles/RTOS2.dir/__/__/Middlewares/Third_Party/FreeRTOS/Source/tasks.c.obj
                0x0800c4a4                vTaskMissedYield
 .text.prvIdleTask
                0x0800c4bc       0x20 cmake/stm32cubemx/CMakeFiles/RTOS2.dir/__/__/Middlewares/Third_Party/FreeRTOS/Source/tasks.c.obj
 .text.prvInitialiseTaskLists
                0x0800c4dc       0x80 cmake/stm32cubemx/CMakeFiles/RTOS2.dir/__/__/Middlewares/Third_Party/FreeRTOS/Source/tasks.c.obj
 .text.prvCheckTasksWaitingTermination
                0x0800c55c       0x5c cmake/stm32cubemx/CMakeFiles/RTOS2.dir/__/__/Middlewares/Third_Party/FreeRTOS/Source/tasks.c.obj
 .text.prvDeleteTCB
                0x0800c5b8       0x50 cmake/stm32cubemx/CMakeFiles/RTOS2.dir/__/__/Middlewares/Third_Party/FreeRTOS/Source/tasks.c.obj
 .text.prvResetNextTaskUnblockTime
                0x0800c608       0x38 cmake/stm32cubemx/CMakeFiles/RTOS2.dir/__/__/Middlewares/Third_Party/FreeRTOS/Source/tasks.c.obj
 .text.xTaskGetSchedulerState
                0x0800c640       0x3c cmake/stm32cubemx/CMakeFiles/RTOS2.dir/__/__/Middlewares/Third_Party/FreeRTOS/Source/tasks.c.obj
                0x0800c640                xTaskGetSchedulerState
 .text.xTaskPriorityInherit
                0x0800c67c      0x120 cmake/stm32cubemx/CMakeFiles/RTOS2.dir/__/__/Middlewares/Third_Party/FreeRTOS/Source/tasks.c.obj
                0x0800c67c                xTaskPriorityInherit
 .text.xTaskPriorityDisinherit
                0x0800c79c      0x110 cmake/stm32cubemx/CMakeFiles/RTOS2.dir/__/__/Middlewares/Third_Party/FreeRTOS/Source/tasks.c.obj
                0x0800c79c                xTaskPriorityDisinherit
 .text.vTaskPriorityDisinheritAfterTimeout
                0x0800c8ac      0x138 cmake/stm32cubemx/CMakeFiles/RTOS2.dir/__/__/Middlewares/Third_Party/FreeRTOS/Source/tasks.c.obj
                0x0800c8ac                vTaskPriorityDisinheritAfterTimeout
 .text.pvTaskIncrementMutexHeldCount
                0x0800c9e4       0x28 cmake/stm32cubemx/CMakeFiles/RTOS2.dir/__/__/Middlewares/Third_Party/FreeRTOS/Source/tasks.c.obj
                0x0800c9e4                pvTaskIncrementMutexHeldCount
 .text.prvAddCurrentTaskToDelayedList
                0x0800ca0c       0xdc cmake/stm32cubemx/CMakeFiles/RTOS2.dir/__/__/Middlewares/Third_Party/FreeRTOS/Source/tasks.c.obj
 .text.xTimerCreateTimerTask
                0x0800cae8       0x80 cmake/stm32cubemx/CMakeFiles/RTOS2.dir/__/__/Middlewares/Third_Party/FreeRTOS/Source/timers.c.obj
                0x0800cae8                xTimerCreateTimerTask
 .text.prvReloadTimer
                0x0800cb68       0x42 cmake/stm32cubemx/CMakeFiles/RTOS2.dir/__/__/Middlewares/Third_Party/FreeRTOS/Source/timers.c.obj
 *fill*         0x0800cbaa        0x2 
 .text.prvProcessExpiredTimer
                0x0800cbac       0x60 cmake/stm32cubemx/CMakeFiles/RTOS2.dir/__/__/Middlewares/Third_Party/FreeRTOS/Source/timers.c.obj
 .text.prvTimerTask
                0x0800cc0c       0x26 cmake/stm32cubemx/CMakeFiles/RTOS2.dir/__/__/Middlewares/Third_Party/FreeRTOS/Source/timers.c.obj
 *fill*         0x0800cc32        0x2 
 .text.prvProcessTimerOrBlockTask
                0x0800cc34       0x8c cmake/stm32cubemx/CMakeFiles/RTOS2.dir/__/__/Middlewares/Third_Party/FreeRTOS/Source/timers.c.obj
 .text.prvGetNextExpireTime
                0x0800ccc0       0x48 cmake/stm32cubemx/CMakeFiles/RTOS2.dir/__/__/Middlewares/Third_Party/FreeRTOS/Source/timers.c.obj
 .text.prvSampleTimeNow
                0x0800cd08       0x40 cmake/stm32cubemx/CMakeFiles/RTOS2.dir/__/__/Middlewares/Third_Party/FreeRTOS/Source/timers.c.obj
 .text.prvInsertTimerInActiveList
                0x0800cd48       0x84 cmake/stm32cubemx/CMakeFiles/RTOS2.dir/__/__/Middlewares/Third_Party/FreeRTOS/Source/timers.c.obj
 .text.prvProcessReceivedCommands
                0x0800cdcc      0x19c cmake/stm32cubemx/CMakeFiles/RTOS2.dir/__/__/Middlewares/Third_Party/FreeRTOS/Source/timers.c.obj
 .text.prvSwitchTimerLists
                0x0800cf68       0x4c cmake/stm32cubemx/CMakeFiles/RTOS2.dir/__/__/Middlewares/Third_Party/FreeRTOS/Source/timers.c.obj
 .text.prvCheckForValidListAndQueue
                0x0800cfb4       0x80 cmake/stm32cubemx/CMakeFiles/RTOS2.dir/__/__/Middlewares/Third_Party/FreeRTOS/Source/timers.c.obj
 .text.vPortSetupTimerInterrupt
                0x0800d034       0x48 cmake/stm32cubemx/CMakeFiles/RTOS2.dir/__/__/Middlewares/Third_Party/FreeRTOS/Source/portable/GCC/ARM_CM33_NTZ/non_secure/port.c.obj
                0x0800d034                vPortSetupTimerInterrupt
 .text.prvTaskExitError
                0x0800d07c       0x38 cmake/stm32cubemx/CMakeFiles/RTOS2.dir/__/__/Middlewares/Third_Party/FreeRTOS/Source/portable/GCC/ARM_CM33_NTZ/non_secure/port.c.obj
 .text.vPortYield
                0x0800d0b4       0x24 cmake/stm32cubemx/CMakeFiles/RTOS2.dir/__/__/Middlewares/Third_Party/FreeRTOS/Source/portable/GCC/ARM_CM33_NTZ/non_secure/port.c.obj
                0x0800d0b4                vPortYield
 .text.vPortEnterCritical
                0x0800d0d8       0x24 cmake/stm32cubemx/CMakeFiles/RTOS2.dir/__/__/Middlewares/Third_Party/FreeRTOS/Source/portable/GCC/ARM_CM33_NTZ/non_secure/port.c.obj
                0x0800d0d8                vPortEnterCritical
 .text.vPortExitCritical
                0x0800d0fc       0x34 cmake/stm32cubemx/CMakeFiles/RTOS2.dir/__/__/Middlewares/Third_Party/FreeRTOS/Source/portable/GCC/ARM_CM33_NTZ/non_secure/port.c.obj
                0x0800d0fc                vPortExitCritical
 .text.xPortSysTickHandler
                0x0800d130       0x30 cmake/stm32cubemx/CMakeFiles/RTOS2.dir/__/__/Middlewares/Third_Party/FreeRTOS/Source/portable/GCC/ARM_CM33_NTZ/non_secure/port.c.obj
                0x0800d130                xPortSysTickHandler
 .text.vPortSVCHandler_C
                0x0800d160       0x32 cmake/stm32cubemx/CMakeFiles/RTOS2.dir/__/__/Middlewares/Third_Party/FreeRTOS/Source/portable/GCC/ARM_CM33_NTZ/non_secure/port.c.obj
                0x0800d160                vPortSVCHandler_C
 *fill*         0x0800d192        0x2 
 .text.pxPortInitialiseStack
                0x0800d194      0x114 cmake/stm32cubemx/CMakeFiles/RTOS2.dir/__/__/Middlewares/Third_Party/FreeRTOS/Source/portable/GCC/ARM_CM33_NTZ/non_secure/port.c.obj
                0x0800d194                pxPortInitialiseStack
 .text.xPortStartScheduler
                0x0800d2a8       0xf4 cmake/stm32cubemx/CMakeFiles/RTOS2.dir/__/__/Middlewares/Third_Party/FreeRTOS/Source/portable/GCC/ARM_CM33_NTZ/non_secure/port.c.obj
                0x0800d2a8                xPortStartScheduler
 .text.vPortValidateInterruptPriority
                0x0800d39c       0x60 cmake/stm32cubemx/CMakeFiles/RTOS2.dir/__/__/Middlewares/Third_Party/FreeRTOS/Source/portable/GCC/ARM_CM33_NTZ/non_secure/port.c.obj
                0x0800d39c                vPortValidateInterruptPriority
 *fill*         0x0800d3fc        0x4 
 .text.vRestoreContextOfFirstTask
                0x0800d400       0x38 cmake/stm32cubemx/CMakeFiles/RTOS2.dir/__/__/Middlewares/Third_Party/FreeRTOS/Source/portable/GCC/ARM_CM33_NTZ/non_secure/portasm.c.obj
                0x0800d400                vRestoreContextOfFirstTask
 *fill*         0x0800d438        0x8 
 .text.vStartFirstTask
                0x0800d440       0x28 cmake/stm32cubemx/CMakeFiles/RTOS2.dir/__/__/Middlewares/Third_Party/FreeRTOS/Source/portable/GCC/ARM_CM33_NTZ/non_secure/portasm.c.obj
                0x0800d440                vStartFirstTask
 .text.ulSetInterruptMask
                0x0800d468       0x1a cmake/stm32cubemx/CMakeFiles/RTOS2.dir/__/__/Middlewares/Third_Party/FreeRTOS/Source/portable/GCC/ARM_CM33_NTZ/non_secure/portasm.c.obj
                0x0800d468                ulSetInterruptMask
 .text.vClearInterruptMask
                0x0800d482       0x10 cmake/stm32cubemx/CMakeFiles/RTOS2.dir/__/__/Middlewares/Third_Party/FreeRTOS/Source/portable/GCC/ARM_CM33_NTZ/non_secure/portasm.c.obj
                0x0800d482                vClearInterruptMask
 *fill*         0x0800d492        0xe 
 .text.PendSV_Handler
                0x0800d4a0       0x58 cmake/stm32cubemx/CMakeFiles/RTOS2.dir/__/__/Middlewares/Third_Party/FreeRTOS/Source/portable/GCC/ARM_CM33_NTZ/non_secure/portasm.c.obj
                0x0800d4a0                PendSV_Handler
 *fill*         0x0800d4f8        0x8 
 .text.SVC_Handler
                0x0800d500       0x28 cmake/stm32cubemx/CMakeFiles/RTOS2.dir/__/__/Middlewares/Third_Party/FreeRTOS/Source/portable/GCC/ARM_CM33_NTZ/non_secure/portasm.c.obj
                0x0800d500                SVC_Handler
 .text.__NVIC_SetPriority
                0x0800d528       0x54 cmake/stm32cubemx/CMakeFiles/RTOS2.dir/__/__/Middlewares/Third_Party/FreeRTOS/Source/CMSIS_RTOS_V2/cmsis_os2.c.obj
 .text.SysTick_Handler
                0x0800d57c       0x20 cmake/stm32cubemx/CMakeFiles/RTOS2.dir/__/__/Middlewares/Third_Party/FreeRTOS/Source/CMSIS_RTOS_V2/cmsis_os2.c.obj
                0x0800d57c                SysTick_Handler
 .text.SVC_Setup
                0x0800d59c       0x12 cmake/stm32cubemx/CMakeFiles/RTOS2.dir/__/__/Middlewares/Third_Party/FreeRTOS/Source/CMSIS_RTOS_V2/cmsis_os2.c.obj
 .text.IRQ_Context
                0x0800d5ae       0x4e cmake/stm32cubemx/CMakeFiles/RTOS2.dir/__/__/Middlewares/Third_Party/FreeRTOS/Source/CMSIS_RTOS_V2/cmsis_os2.c.obj
 .text.osKernelInitialize
                0x0800d5fc       0x4c cmake/stm32cubemx/CMakeFiles/RTOS2.dir/__/__/Middlewares/Third_Party/FreeRTOS/Source/CMSIS_RTOS_V2/cmsis_os2.c.obj
                0x0800d5fc                osKernelInitialize
 .text.osKernelStart
                0x0800d648       0x54 cmake/stm32cubemx/CMakeFiles/RTOS2.dir/__/__/Middlewares/Third_Party/FreeRTOS/Source/CMSIS_RTOS_V2/cmsis_os2.c.obj
                0x0800d648                osKernelStart
 .text.osThreadNew
                0x0800d69c      0x122 cmake/stm32cubemx/CMakeFiles/RTOS2.dir/__/__/Middlewares/Third_Party/FreeRTOS/Source/CMSIS_RTOS_V2/cmsis_os2.c.obj
                0x0800d69c                osThreadNew
 .text.osDelay  0x0800d7be       0x34 cmake/stm32cubemx/CMakeFiles/RTOS2.dir/__/__/Middlewares/Third_Party/FreeRTOS/Source/CMSIS_RTOS_V2/cmsis_os2.c.obj
                0x0800d7be                osDelay
 .text.osSemaphoreNew
                0x0800d7f2      0x110 cmake/stm32cubemx/CMakeFiles/RTOS2.dir/__/__/Middlewares/Third_Party/FreeRTOS/Source/CMSIS_RTOS_V2/cmsis_os2.c.obj
                0x0800d7f2                osSemaphoreNew
 *fill*         0x0800d902        0x2 
 .text.osSemaphoreAcquire
                0x0800d904       0x98 cmake/stm32cubemx/CMakeFiles/RTOS2.dir/__/__/Middlewares/Third_Party/FreeRTOS/Source/CMSIS_RTOS_V2/cmsis_os2.c.obj
                0x0800d904                osSemaphoreAcquire
 .text.osSemaphoreRelease
                0x0800d99c       0x7c cmake/stm32cubemx/CMakeFiles/RTOS2.dir/__/__/Middlewares/Third_Party/FreeRTOS/Source/CMSIS_RTOS_V2/cmsis_os2.c.obj
                0x0800d99c                osSemaphoreRelease
 .text.vApplicationGetIdleTaskMemory
                0x0800da18       0x34 cmake/stm32cubemx/CMakeFiles/RTOS2.dir/__/__/Middlewares/Third_Party/FreeRTOS/Source/CMSIS_RTOS_V2/cmsis_os2.c.obj
                0x0800da18                vApplicationGetIdleTaskMemory
 .text.vApplicationGetTimerTaskMemory
                0x0800da4c       0x34 cmake/stm32cubemx/CMakeFiles/RTOS2.dir/__/__/Middlewares/Third_Party/FreeRTOS/Source/CMSIS_RTOS_V2/cmsis_os2.c.obj
                0x0800da4c                vApplicationGetTimerTaskMemory
 .text.main     0x0800da80       0x38 CMakeFiles/rtos_practice.dir/Core/Src/main.c.obj
                0x0800da80                main
 .text.SystemClock_Config
                0x0800dab8       0xe4 CMakeFiles/rtos_practice.dir/Core/Src/main.c.obj
                0x0800dab8                SystemClock_Config
 .text.HAL_TIM_PeriodElapsedCallback
                0x0800db9c       0x24 CMakeFiles/rtos_practice.dir/Core/Src/main.c.obj
                0x0800db9c                HAL_TIM_PeriodElapsedCallback
 .text.Error_Handler
                0x0800dbc0        0xc CMakeFiles/rtos_practice.dir/Core/Src/main.c.obj
                0x0800dbc0                Error_Handler
 .text.MX_GPIO_Init
                0x0800dbcc       0x70 CMakeFiles/rtos_practice.dir/Core/Src/gpio.c.obj
                0x0800dbcc                MX_GPIO_Init
 .text.MX_FREERTOS_Init
                0x0800dc3c       0x3c CMakeFiles/rtos_practice.dir/Core/Src/app_freertos.c.obj
                0x0800dc3c                MX_FREERTOS_Init
 .text.StartDefaultTask
                0x0800dc78       0x16 CMakeFiles/rtos_practice.dir/Core/Src/app_freertos.c.obj
                0x0800dc78                StartDefaultTask
 .text.MX_ICACHE_Init
                0x0800dc8e       0x26 CMakeFiles/rtos_practice.dir/Core/Src/icache.c.obj
                0x0800dc8e                MX_ICACHE_Init
 .text.sem_wait
                0x0800dcb4       0x20 CMakeFiles/rtos_practice.dir/Core/Src/usart.c.obj
 .text.sem_post
                0x0800dcd4       0x1c CMakeFiles/rtos_practice.dir/Core/Src/usart.c.obj
 .text.MX_USART1_UART_Init
                0x0800dcf0       0x98 CMakeFiles/rtos_practice.dir/Core/Src/usart.c.obj
                0x0800dcf0                MX_USART1_UART_Init
 .text.HAL_UART_MspInit
                0x0800dd88      0x12c CMakeFiles/rtos_practice.dir/Core/Src/usart.c.obj
                0x0800dd88                HAL_UART_MspInit
 .text.__uart_recv_init
                0x0800deb4       0x88 CMakeFiles/rtos_practice.dir/Core/Src/usart.c.obj
                0x0800deb4                __uart_recv_init
 .text.uart_init
                0x0800df3c       0x1c CMakeFiles/rtos_practice.dir/Core/Src/usart.c.obj
                0x0800df3c                uart_init
 .text.uart_send
                0x0800df58       0xf2 CMakeFiles/rtos_practice.dir/Core/Src/usart.c.obj
                0x0800df58                uart_send
 .text.uart_read
                0x0800e04a      0x12c CMakeFiles/rtos_practice.dir/Core/Src/usart.c.obj
                0x0800e04a                uart_read
 *fill*         0x0800e176        0x2 
 .text.HAL_UART_RxCpltCallback
                0x0800e178       0x5c CMakeFiles/rtos_practice.dir/Core/Src/usart.c.obj
                0x0800e178                HAL_UART_RxCpltCallback
 .text.HAL_UART_TxCpltCallback
                0x0800e1d4       0x60 CMakeFiles/rtos_practice.dir/Core/Src/usart.c.obj
                0x0800e1d4                HAL_UART_TxCpltCallback
 .text.prints   0x0800e234       0x8c CMakeFiles/rtos_practice.dir/Core/Src/usart.c.obj
                0x0800e234                prints
 .text.printu   0x0800e2c0       0x88 CMakeFiles/rtos_practice.dir/Core/Src/usart.c.obj
                0x0800e2c0                printu
 .text.NMI_Handler
                0x0800e348        0x8 CMakeFiles/rtos_practice.dir/Core/Src/stm32h5xx_it.c.obj
                0x0800e348                NMI_Handler
 .text.HardFault_Handler
                0x0800e350        0x8 CMakeFiles/rtos_practice.dir/Core/Src/stm32h5xx_it.c.obj
                0x0800e350                HardFault_Handler
 .text.MemManage_Handler
                0x0800e358        0x8 CMakeFiles/rtos_practice.dir/Core/Src/stm32h5xx_it.c.obj
                0x0800e358                MemManage_Handler
 .text.BusFault_Handler
                0x0800e360        0x8 CMakeFiles/rtos_practice.dir/Core/Src/stm32h5xx_it.c.obj
                0x0800e360                BusFault_Handler
 .text.UsageFault_Handler
                0x0800e368        0x8 CMakeFiles/rtos_practice.dir/Core/Src/stm32h5xx_it.c.obj
                0x0800e368                UsageFault_Handler
 .text.DebugMon_Handler
                0x0800e370        0xe CMakeFiles/rtos_practice.dir/Core/Src/stm32h5xx_it.c.obj
                0x0800e370                DebugMon_Handler
 *fill*         0x0800e37e        0x2 
 .text.TIM1_UP_IRQHandler
                0x0800e380       0x14 CMakeFiles/rtos_practice.dir/Core/Src/stm32h5xx_it.c.obj
                0x0800e380                TIM1_UP_IRQHandler
 .text.USART1_IRQHandler
                0x0800e394       0x14 CMakeFiles/rtos_practice.dir/Core/Src/stm32h5xx_it.c.obj
                0x0800e394                USART1_IRQHandler
 .text.HAL_MspInit
                0x0800e3a8       0x14 CMakeFiles/rtos_practice.dir/Core/Src/stm32h5xx_hal_msp.c.obj
                0x0800e3a8                HAL_MspInit
 .text.HAL_InitTick
                0x0800e3bc       0xd8 CMakeFiles/rtos_practice.dir/Core/Src/stm32h5xx_hal_timebase_tim.c.obj
                0x0800e3bc                HAL_InitTick
 .text._sbrk    0x0800e494       0x6c CMakeFiles/rtos_practice.dir/Core/Src/sysmem.c.obj
                0x0800e494                _sbrk
 .text.Reset_Handler
                0x0800e500       0x50 CMakeFiles/rtos_practice.dir/startup_stm32h562xx.s.obj
                0x0800e500                Reset_Handler
 .text.Default_Handler
                0x0800e550        0x2 CMakeFiles/rtos_practice.dir/startup_stm32h562xx.s.obj
                0x0800e550                EXTI2_IRQHandler
                0x0800e550                TIM8_TRG_COM_IRQHandler
                0x0800e550                TIM8_CC_IRQHandler
                0x0800e550                EXTI5_IRQHandler
                0x0800e550                I3C1_ER_IRQHandler
                0x0800e550                UART8_IRQHandler
                0x0800e550                SPI4_IRQHandler
                0x0800e550                GPDMA2_Channel1_IRQHandler
                0x0800e550                FLASH_S_IRQHandler
                0x0800e550                EXTI13_IRQHandler
                0x0800e550                TIM1_CC_IRQHandler
                0x0800e550                GPDMA2_Channel3_IRQHandler
                0x0800e550                TAMP_IRQHandler
                0x0800e550                TIM6_IRQHandler
                0x0800e550                EXTI12_IRQHandler
                0x0800e550                CORDIC_IRQHandler
                0x0800e550                USB_DRD_FS_IRQHandler
                0x0800e550                EXTI3_IRQHandler
                0x0800e550                LPTIM4_IRQHandler
                0x0800e550                GPDMA1_Channel5_IRQHandler
                0x0800e550                EXTI8_IRQHandler
                0x0800e550                GPDMA2_Channel5_IRQHandler
                0x0800e550                LPTIM2_IRQHandler
                0x0800e550                I2C3_ER_IRQHandler
                0x0800e550                GPDMA2_Channel2_IRQHandler
                0x0800e550                USART10_IRQHandler
                0x0800e550                LPTIM3_IRQHandler
                0x0800e550                EXTI0_IRQHandler
                0x0800e550                I2C2_EV_IRQHandler
                0x0800e550                FPU_IRQHandler
                0x0800e550                GPDMA1_Channel3_IRQHandler
                0x0800e550                GPDMA1_Channel7_IRQHandler
                0x0800e550                FDCAN1_IT1_IRQHandler
                0x0800e550                RAMCFG_IRQHandler
                0x0800e550                DCACHE1_IRQHandler
                0x0800e550                SPI1_IRQHandler
                0x0800e550                OCTOSPI1_IRQHandler
                0x0800e550                GPDMA1_Channel2_IRQHandler
                0x0800e550                TIM8_UP_IRQHandler
                0x0800e550                RCC_S_IRQHandler
                0x0800e550                SAI2_IRQHandler
                0x0800e550                ADC1_IRQHandler
                0x0800e550                USART6_IRQHandler
                0x0800e550                EXTI15_IRQHandler
                0x0800e550                TIM17_IRQHandler
                0x0800e550                USART3_IRQHandler
                0x0800e550                RTC_IRQHandler
                0x0800e550                EXTI9_IRQHandler
                0x0800e550                LPTIM5_IRQHandler
                0x0800e550                UART5_IRQHandler
                0x0800e550                TIM4_IRQHandler
                0x0800e550                I2C1_EV_IRQHandler
                0x0800e550                GPDMA1_Channel1_IRQHandler
                0x0800e550                TIM16_IRQHandler
                0x0800e550                UART4_IRQHandler
                0x0800e550                SecureFault_Handler
                0x0800e550                TIM3_IRQHandler
                0x0800e550                RCC_IRQHandler
                0x0800e550                UART9_IRQHandler
                0x0800e550                TIM1_TRG_COM_IRQHandler
                0x0800e550                Default_Handler
                0x0800e550                FMAC_IRQHandler
                0x0800e550                CEC_IRQHandler
                0x0800e550                USART11_IRQHandler
                0x0800e550                TIM14_IRQHandler
                0x0800e550                TIM13_IRQHandler
                0x0800e550                GPDMA2_Channel4_IRQHandler
                0x0800e550                SPI5_IRQHandler
                0x0800e550                TIM12_IRQHandler
                0x0800e550                TIM7_IRQHandler
                0x0800e550                SDMMC1_IRQHandler
                0x0800e550                TIM5_IRQHandler
                0x0800e550                UCPD1_IRQHandler
                0x0800e550                GPDMA1_Channel0_IRQHandler
                0x0800e550                I3C1_EV_IRQHandler
                0x0800e550                TIM15_IRQHandler
                0x0800e550                PVD_AVD_IRQHandler
                0x0800e550                I2C3_EV_IRQHandler
                0x0800e550                ADC2_IRQHandler
                0x0800e550                SPI2_IRQHandler
                0x0800e550                EXTI14_IRQHandler
                0x0800e550                EXTI11_IRQHandler
                0x0800e550                CRS_IRQHandler
                0x0800e550                EXTI4_IRQHandler
                0x0800e550                GPDMA2_Channel0_IRQHandler
                0x0800e550                RTC_S_IRQHandler
                0x0800e550                RNG_IRQHandler
                0x0800e550                GPDMA2_Channel6_IRQHandler
                0x0800e550                UART12_IRQHandler
                0x0800e550                WWDG_IRQHandler
                0x0800e550                SPI6_IRQHandler
                0x0800e550                I2C4_EV_IRQHandler
                0x0800e550                IWDG_IRQHandler
                0x0800e550                LPUART1_IRQHandler
                0x0800e550                FDCAN1_IT0_IRQHandler
                0x0800e550                TIM2_IRQHandler
                0x0800e550                GPDMA1_Channel4_IRQHandler
                0x0800e550                EXTI7_IRQHandler
                0x0800e550                TIM1_BRK_IRQHandler
                0x0800e550                EXTI1_IRQHandler
                0x0800e550                LPTIM6_IRQHandler
                0x0800e550                DAC1_IRQHandler
                0x0800e550                DTS_IRQHandler
                0x0800e550                UART7_IRQHandler
                0x0800e550                GTZC_IRQHandler
                0x0800e550                USART2_IRQHandler
                0x0800e550                GPDMA1_Channel6_IRQHandler
                0x0800e550                GPDMA2_Channel7_IRQHandler
                0x0800e550                I2C2_ER_IRQHandler
                0x0800e550                TIM8_BRK_IRQHandler
                0x0800e550                FLASH_IRQHandler
                0x0800e550                EXTI10_IRQHandler
                0x0800e550                SPI3_IRQHandler
                0x0800e550                I2C1_ER_IRQHandler
                0x0800e550                FMC_IRQHandler
                0x0800e550                EXTI6_IRQHandler
                0x0800e550                LPTIM1_IRQHandler
                0x0800e550                DCMI_PSSI_IRQHandler
                0x0800e550                I2C4_ER_IRQHandler
                0x0800e550                ICACHE_IRQHandler
                0x0800e550                SAI1_IRQHandler
                0x0800e550                HASH_IRQHandler
 .text.cli_get_arg
                0x0800e552       0xb2 CMakeFiles/rtos_practice.dir/Core/Src/cli.c.obj
 .text.cmd_echo
                0x0800e604       0x90 CMakeFiles/rtos_practice.dir/Core/Src/cli.c.obj
 .text.cmd_clean
                0x0800e694       0x1c CMakeFiles/rtos_practice.dir/Core/Src/cli.c.obj
 .text.cmd_help
                0x0800e6b0       0x60 CMakeFiles/rtos_practice.dir/Core/Src/cli.c.obj
 .text.cli_parser
                0x0800e710      0x1c0 CMakeFiles/rtos_practice.dir/Core/Src/cli.c.obj
 .text.cli_esc_work
                0x0800e8d0      0x178 CMakeFiles/rtos_practice.dir/Core/Src/cli.c.obj
 .text.cli_del_str
                0x0800ea48       0x6a CMakeFiles/rtos_practice.dir/Core/Src/cli.c.obj
 .text.cli_put_str
                0x0800eab2       0x76 CMakeFiles/rtos_practice.dir/Core/Src/cli.c.obj
 .text.cli_history_insert
                0x0800eb28       0x78 CMakeFiles/rtos_practice.dir/Core/Src/cli.c.obj
 .text.cli_work
                0x0800eba0      0x200 CMakeFiles/rtos_practice.dir/Core/Src/cli.c.obj
                0x0800eba0                cli_work
 .text.cli_proc
                0x0800eda0       0x70 CMakeFiles/rtos_practice.dir/Core/Src/cli.c.obj
                0x0800eda0                cli_proc
 .text._vsnprintf_r
                0x0800ee10       0x5c C:/ST/STM32CubeCLT_1.19.0/GNU-tools-for-STM32/bin/../lib/gcc/arm-none-eabi/13.3.1/../../../../arm-none-eabi/lib/thumb/v8-m.main+fp/hard\libg_nano.a(libc_a-vsnprintf.o)
                0x0800ee10                _vsniprintf_r
                0x0800ee10                _vsnprintf_r
 .text.vsnprintf
                0x0800ee6c       0x1c C:/ST/STM32CubeCLT_1.19.0/GNU-tools-for-STM32/bin/../lib/gcc/arm-none-eabi/13.3.1/../../../../arm-none-eabi/lib/thumb/v8-m.main+fp/hard\libg_nano.a(libc_a-vsnprintf.o)
                0x0800ee6c                vsniprintf
                0x0800ee6c                vsnprintf
 .text.memset   0x0800ee88       0x10 C:/ST/STM32CubeCLT_1.19.0/GNU-tools-for-STM32/bin/../lib/gcc/arm-none-eabi/13.3.1/../../../../arm-none-eabi/lib/thumb/v8-m.main+fp/hard\libg_nano.a(libc_a-memset.o)
                0x0800ee88                memset
 .text.strchr   0x0800ee98       0x1a C:/ST/STM32CubeCLT_1.19.0/GNU-tools-for-STM32/bin/../lib/gcc/arm-none-eabi/13.3.1/../../../../arm-none-eabi/lib/thumb/v8-m.main+fp/hard\libg_nano.a(libc_a-strchr.o)
                0x0800ee98                strchr
 .text.strncmp  0x0800eeb2       0x24 C:/ST/STM32CubeCLT_1.19.0/GNU-tools-for-STM32/bin/../lib/gcc/arm-none-eabi/13.3.1/../../../../arm-none-eabi/lib/thumb/v8-m.main+fp/hard\libg_nano.a(libc_a-strncmp.o)
                0x0800eeb2                strncmp
 *fill*         0x0800eed6        0x2 
 .text.__errno  0x0800eed8        0xc C:/ST/STM32CubeCLT_1.19.0/GNU-tools-for-STM32/bin/../lib/gcc/arm-none-eabi/13.3.1/../../../../arm-none-eabi/lib/thumb/v8-m.main+fp/hard\libg_nano.a(libc_a-errno.o)
                0x0800eed8                __errno
 .text.__libc_init_array
                0x0800eee4       0x48 C:/ST/STM32CubeCLT_1.19.0/GNU-tools-for-STM32/bin/../lib/gcc/arm-none-eabi/13.3.1/../../../../arm-none-eabi/lib/thumb/v8-m.main+fp/hard\libg_nano.a(libc_a-init.o)
                0x0800eee4                __libc_init_array
 .text.__retarget_lock_acquire_recursive
                0x0800ef2c        0x2 C:/ST/STM32CubeCLT_1.19.0/GNU-tools-for-STM32/bin/../lib/gcc/arm-none-eabi/13.3.1/../../../../arm-none-eabi/lib/thumb/v8-m.main+fp/hard\libg_nano.a(libc_a-lock.o)
                0x0800ef2c                __retarget_lock_acquire_recursive
 .text.__retarget_lock_release_recursive
                0x0800ef2e        0x2 C:/ST/STM32CubeCLT_1.19.0/GNU-tools-for-STM32/bin/../lib/gcc/arm-none-eabi/13.3.1/../../../../arm-none-eabi/lib/thumb/v8-m.main+fp/hard\libg_nano.a(libc_a-lock.o)
                0x0800ef2e                __retarget_lock_release_recursive
 .text.strcpy   0x0800ef30       0x10 C:/ST/STM32CubeCLT_1.19.0/GNU-tools-for-STM32/bin/../lib/gcc/arm-none-eabi/13.3.1/../../../../arm-none-eabi/lib/thumb/v8-m.main+fp/hard\libg_nano.a(libc_a-strcpy.o)
                0x0800ef30                strcpy
 .text.memcpy   0x0800ef40       0x1a C:/ST/STM32CubeCLT_1.19.0/GNU-tools-for-STM32/bin/../lib/gcc/arm-none-eabi/13.3.1/../../../../arm-none-eabi/lib/thumb/v8-m.main+fp/hard\libg_nano.a(libc_a-memcpy-stub.o)
                0x0800ef40                memcpy
 *fill*         0x0800ef5a        0x2 
 .text._free_r  0x0800ef5c       0x94 C:/ST/STM32CubeCLT_1.19.0/GNU-tools-for-STM32/bin/../lib/gcc/arm-none-eabi/13.3.1/../../../../arm-none-eabi/lib/thumb/v8-m.main+fp/hard\libg_nano.a(libc_a-freer.o)
                0x0800ef5c                _free_r
 .text.sbrk_aligned
                0x0800eff0       0x44 C:/ST/STM32CubeCLT_1.19.0/GNU-tools-for-STM32/bin/../lib/gcc/arm-none-eabi/13.3.1/../../../../arm-none-eabi/lib/thumb/v8-m.main+fp/hard\libg_nano.a(libc_a-mallocr.o)
 .text._malloc_r
                0x0800f034      0x100 C:/ST/STM32CubeCLT_1.19.0/GNU-tools-for-STM32/bin/../lib/gcc/arm-none-eabi/13.3.1/../../../../arm-none-eabi/lib/thumb/v8-m.main+fp/hard\libg_nano.a(libc_a-mallocr.o)
                0x0800f034                _malloc_r
 .text.__malloc_lock
                0x0800f134        0xc C:/ST/STM32CubeCLT_1.19.0/GNU-tools-for-STM32/bin/../lib/gcc/arm-none-eabi/13.3.1/../../../../arm-none-eabi/lib/thumb/v8-m.main+fp/hard\libg_nano.a(libc_a-mlock.o)
                0x0800f134                __malloc_lock
 .text.__malloc_unlock
                0x0800f140        0xc C:/ST/STM32CubeCLT_1.19.0/GNU-tools-for-STM32/bin/../lib/gcc/arm-none-eabi/13.3.1/../../../../arm-none-eabi/lib/thumb/v8-m.main+fp/hard\libg_nano.a(libc_a-mlock.o)
                0x0800f140                __malloc_unlock
 .text.__ssputs_r
                0x0800f14c       0xb6 C:/ST/STM32CubeCLT_1.19.0/GNU-tools-for-STM32/bin/../lib/gcc/arm-none-eabi/13.3.1/../../../../arm-none-eabi/lib/thumb/v8-m.main+fp/hard\libg_nano.a(libc_a-nano-svfprintf.o)
                0x0800f14c                __ssputs_r
 *fill*         0x0800f202        0x2 
 .text._svfprintf_r
                0x0800f204      0x1f8 C:/ST/STM32CubeCLT_1.19.0/GNU-tools-for-STM32/bin/../lib/gcc/arm-none-eabi/13.3.1/../../../../arm-none-eabi/lib/thumb/v8-m.main+fp/hard\libg_nano.a(libc_a-nano-svfprintf.o)
                0x0800f204                _svfiprintf_r
                0x0800f204                _svfprintf_r
 .text._printf_common
                0x0800f3fc       0xe4 C:/ST/STM32CubeCLT_1.19.0/GNU-tools-for-STM32/bin/../lib/gcc/arm-none-eabi/13.3.1/../../../../arm-none-eabi/lib/thumb/v8-m.main+fp/hard\libg_nano.a(libc_a-nano-vfprintf_i.o)
                0x0800f3fc                _printf_common
 .text._printf_i
                0x0800f4e0      0x23c C:/ST/STM32CubeCLT_1.19.0/GNU-tools-for-STM32/bin/../lib/gcc/arm-none-eabi/13.3.1/../../../../arm-none-eabi/lib/thumb/v8-m.main+fp/hard\libg_nano.a(libc_a-nano-vfprintf_i.o)
                0x0800f4e0                _printf_i
 .text.memmove  0x0800f71c       0x34 C:/ST/STM32CubeCLT_1.19.0/GNU-tools-for-STM32/bin/../lib/gcc/arm-none-eabi/13.3.1/../../../../arm-none-eabi/lib/thumb/v8-m.main+fp/hard\libg_nano.a(libc_a-memmove.o)
                0x0800f71c                memmove
 .text._sbrk_r  0x0800f750       0x20 C:/ST/STM32CubeCLT_1.19.0/GNU-tools-for-STM32/bin/../lib/gcc/arm-none-eabi/13.3.1/../../../../arm-none-eabi/lib/thumb/v8-m.main+fp/hard\libg_nano.a(libc_a-sbrkr.o)
                0x0800f750                _sbrk_r
 .text.memchr   0x0800f770       0x1c C:/ST/STM32CubeCLT_1.19.0/GNU-tools-for-STM32/bin/../lib/gcc/arm-none-eabi/13.3.1/../../../../arm-none-eabi/lib/thumb/v8-m.main+fp/hard\libg_nano.a(libc_a-memchr-stub.o)
                0x0800f770                memchr
 .text._realloc_r
                0x0800f78c       0x5c C:/ST/STM32CubeCLT_1.19.0/GNU-tools-for-STM32/bin/../lib/gcc/arm-none-eabi/13.3.1/../../../../arm-none-eabi/lib/thumb/v8-m.main+fp/hard\libg_nano.a(libc_a-reallocr.o)
                0x0800f78c                _realloc_r
 .text._malloc_usable_size_r
                0x0800f7e8       0x10 C:/ST/STM32CubeCLT_1.19.0/GNU-tools-for-STM32/bin/../lib/gcc/arm-none-eabi/13.3.1/../../../../arm-none-eabi/lib/thumb/v8-m.main+fp/hard\libg_nano.a(libc_a-msizer.o)
                0x0800f7e8                _malloc_usable_size_r
 *(.glue_7)
 .glue_7        0x0800f7f8        0x0 linker stubs
 *(.glue_7t)
 .glue_7t       0x0800f7f8        0x0 linker stubs
 *(.eh_frame)
 .eh_frame      0x0800f7f8        0x0 C:/ST/STM32CubeCLT_1.19.0/GNU-tools-for-STM32/bin/../lib/gcc/arm-none-eabi/13.3.1/thumb/v8-m.main+fp/hard/crtbegin.o
 *(.init)
 .init          0x0800f7f8        0x4 C:/ST/STM32CubeCLT_1.19.0/GNU-tools-for-STM32/bin/../lib/gcc/arm-none-eabi/13.3.1/thumb/v8-m.main+fp/hard/crti.o
                0x0800f7f8                _init
 .init          0x0800f7fc        0x8 C:/ST/STM32CubeCLT_1.19.0/GNU-tools-for-STM32/bin/../lib/gcc/arm-none-eabi/13.3.1/thumb/v8-m.main+fp/hard/crtn.o
 *(.fini)
 .fini          0x0800f804        0x4 C:/ST/STM32CubeCLT_1.19.0/GNU-tools-for-STM32/bin/../lib/gcc/arm-none-eabi/13.3.1/thumb/v8-m.main+fp/hard/crti.o
                0x0800f804                _fini
 .fini          0x0800f808        0x8 C:/ST/STM32CubeCLT_1.19.0/GNU-tools-for-STM32/bin/../lib/gcc/arm-none-eabi/13.3.1/thumb/v8-m.main+fp/hard/crtn.o
                0x0800f810                        . = ALIGN (0x4)
                0x0800f810                        _etext = .

.vfp11_veneer   0x0800f810        0x0
 .vfp11_veneer  0x0800f810        0x0 linker stubs

.v4_bx          0x0800f810        0x0
 .v4_bx         0x0800f810        0x0 linker stubs

.iplt           0x0800f810        0x0
 .iplt          0x0800f810        0x0 C:/ST/STM32CubeCLT_1.19.0/GNU-tools-for-STM32/bin/../lib/gcc/arm-none-eabi/13.3.1/thumb/v8-m.main+fp/hard/crtbegin.o

.rodata         0x0800f810      0x39c
                0x0800f810                        . = ALIGN (0x4)
 *(.rodata)
 .rodata        0x0800f810        0x5 cmake/stm32cubemx/CMakeFiles/RTOS2.dir/__/__/Middlewares/Third_Party/FreeRTOS/Source/tasks.c.obj
 *fill*         0x0800f815        0x3 
 .rodata        0x0800f818        0xd cmake/stm32cubemx/CMakeFiles/RTOS2.dir/__/__/Middlewares/Third_Party/FreeRTOS/Source/timers.c.obj
 *fill*         0x0800f825        0x3 
 .rodata        0x0800f828        0x4 CMakeFiles/rtos_practice.dir/Core/Src/main.c.obj
 .rodata        0x0800f82c       0x1c CMakeFiles/rtos_practice.dir/Core/Src/app_freertos.c.obj
 .rodata        0x0800f848       0xa6 CMakeFiles/rtos_practice.dir/Core/Src/usart.c.obj
 *fill*         0x0800f8ee        0x2 
 .rodata        0x0800f8f0      0x1fc CMakeFiles/rtos_practice.dir/Core/Src/cli.c.obj
 *(.rodata*)
 .rodata.AHBPrescTable
                0x0800faec       0x10 cmake/stm32cubemx/CMakeFiles/STM32_Drivers.dir/__/__/Core/Src/system_stm32h5xx.c.obj
                0x0800faec                AHBPrescTable
 .rodata.APBPrescTable
                0x0800fafc        0x8 cmake/stm32cubemx/CMakeFiles/STM32_Drivers.dir/__/__/Core/Src/system_stm32h5xx.c.obj
                0x0800fafc                APBPrescTable
 .rodata.UARTPrescTable
                0x0800fb04       0x18 cmake/stm32cubemx/CMakeFiles/STM32_Drivers.dir/__/__/Drivers/STM32H5xx_HAL_Driver/Src/stm32h5xx_hal_uart.c.obj
                0x0800fb04                UARTPrescTable
 .rodata.numerator.1
                0x0800fb1c        0x8 cmake/stm32cubemx/CMakeFiles/STM32_Drivers.dir/__/__/Drivers/STM32H5xx_HAL_Driver/Src/stm32h5xx_hal_uart_ex.c.obj
 .rodata.denominator.0
                0x0800fb24        0x8 cmake/stm32cubemx/CMakeFiles/STM32_Drivers.dir/__/__/Drivers/STM32H5xx_HAL_Driver/Src/stm32h5xx_hal_uart_ex.c.obj
 .rodata.uxTopUsedPriority
                0x0800fb2c        0x4 cmake/stm32cubemx/CMakeFiles/RTOS2.dir/__/__/Middlewares/Third_Party/FreeRTOS/Source/tasks.c.obj
                0x0800fb2c                uxTopUsedPriority
 .rodata.console_thread_attributes
                0x0800fb30       0x24 CMakeFiles/rtos_practice.dir/Core/Src/app_freertos.c.obj
                0x0800fb30                console_thread_attributes
 .rodata.console_sem_attributes
                0x0800fb54       0x10 CMakeFiles/rtos_practice.dir/Core/Src/app_freertos.c.obj
                0x0800fb54                console_sem_attributes
 .rodata.__FUNCTION__.4
                0x0800fb64        0xb CMakeFiles/rtos_practice.dir/Core/Src/cli.c.obj
 *fill*         0x0800fb6f        0x1 
 .rodata.__FUNCTION__.0
                0x0800fb70        0x9 CMakeFiles/rtos_practice.dir/Core/Src/cli.c.obj
 .rodata._svfprintf_r.str1.1
                0x0800fb79       0x33 C:/ST/STM32CubeCLT_1.19.0/GNU-tools-for-STM32/bin/../lib/gcc/arm-none-eabi/13.3.1/../../../../arm-none-eabi/lib/thumb/v8-m.main+fp/hard\libg_nano.a(libc_a-nano-svfprintf.o)
                                 0x11 (size before relaxing)
 .rodata._printf_i.str1.1
                0x0800fbac       0x22 C:/ST/STM32CubeCLT_1.19.0/GNU-tools-for-STM32/bin/../lib/gcc/arm-none-eabi/13.3.1/../../../../arm-none-eabi/lib/thumb/v8-m.main+fp/hard\libg_nano.a(libc_a-nano-vfprintf_i.o)
                0x0800fbd0                        . = ALIGN (0x4)

.ARM.extab      0x0800fbac        0x0
                0x0800fbac                        . = ALIGN (0x4)
 *(.ARM.extab* .gnu.linkonce.armextab.*)
                0x0800fbac                        . = ALIGN (0x4)

.ARM            0x0800fbac        0x8
                0x0800fbac                        . = ALIGN (0x4)
                0x0800fbac                        __exidx_start = .
 *(.ARM.exidx*)
 .ARM.exidx     0x0800fbac        0x8 C:/ST/STM32CubeCLT_1.19.0/GNU-tools-for-STM32/bin/../lib/gcc/arm-none-eabi/13.3.1/thumb/v8-m.main+fp/hard\libgcc.a(_udivmoddi4.o)
 .ARM.exidx     0x0800fbb4        0x0 C:/ST/STM32CubeCLT_1.19.0/GNU-tools-for-STM32/bin/../lib/gcc/arm-none-eabi/13.3.1/../../../../arm-none-eabi/lib/thumb/v8-m.main+fp/hard\libg_nano.a(libc_a-strlen.o)
                                  0x8 (size before relaxing)
                0x0800fbb4                        __exidx_end = .
                0x0800fbb4                        . = ALIGN (0x4)

.preinit_array  0x0800fbb4        0x0
                0x0800fbb4                        . = ALIGN (0x4)
                0x0800fbb4                        PROVIDE (__preinit_array_start = .)
 *(.preinit_array*)
                0x0800fbb4                        PROVIDE (__preinit_array_end = .)
                0x0800fbb4                        . = ALIGN (0x4)

.init_array     0x0800fbb4        0x4
                0x0800fbb4                        . = ALIGN (0x4)
                0x0800fbb4                        PROVIDE (__init_array_start = .)
 *(SORT_BY_NAME(.init_array.*))
 *(.init_array*)
 .init_array    0x0800fbb4        0x4 C:/ST/STM32CubeCLT_1.19.0/GNU-tools-for-STM32/bin/../lib/gcc/arm-none-eabi/13.3.1/thumb/v8-m.main+fp/hard/crtbegin.o
                0x0800fbb8                        PROVIDE (__init_array_end = .)
                0x0800fbb8                        . = ALIGN (0x4)

.fini_array     0x0800fbb8        0x4
                0x0800fbb8                        . = ALIGN (0x4)
                [!provide]                        PROVIDE (__fini_array_start = .)
 *(SORT_BY_NAME(.fini_array.*))
 *(.fini_array*)
 .fini_array    0x0800fbb8        0x4 C:/ST/STM32CubeCLT_1.19.0/GNU-tools-for-STM32/bin/../lib/gcc/arm-none-eabi/13.3.1/thumb/v8-m.main+fp/hard/crtbegin.o
                [!provide]                        PROVIDE (__fini_array_end = .)
                0x0800fbbc                        . = ALIGN (0x4)
                0x0800fbbc                        _sidata = LOADADDR (.data)

.rel.dyn        0x0800fbbc        0x0
 .rel.iplt      0x0800fbbc        0x0 C:/ST/STM32CubeCLT_1.19.0/GNU-tools-for-STM32/bin/../lib/gcc/arm-none-eabi/13.3.1/thumb/v8-m.main+fp/hard/crtbegin.o

.data           0x20000000      0x364 load address 0x0800fbbc
                0x20000000                        . = ALIGN (0x4)
                0x20000000                        _sdata = .
 *(.data)
 *(.data*)
 .data.SystemCoreClock
                0x20000000        0x4 cmake/stm32cubemx/CMakeFiles/STM32_Drivers.dir/__/__/Core/Src/system_stm32h5xx.c.obj
                0x20000000                SystemCoreClock
 .data.uwTickPrio
                0x20000004        0x4 cmake/stm32cubemx/CMakeFiles/STM32_Drivers.dir/__/__/Drivers/STM32H5xx_HAL_Driver/Src/stm32h5xx_hal.c.obj
                0x20000004                uwTickPrio
 .data.uwTickFreq
                0x20000008        0x1 cmake/stm32cubemx/CMakeFiles/STM32_Drivers.dir/__/__/Drivers/STM32H5xx_HAL_Driver/Src/stm32h5xx_hal.c.obj
                0x20000008                uwTickFreq
 *fill*         0x20000009        0x3 
 .data.ulCriticalNesting
                0x2000000c        0x4 cmake/stm32cubemx/CMakeFiles/RTOS2.dir/__/__/Middlewares/Third_Party/FreeRTOS/Source/portable/GCC/ARM_CM33_NTZ/non_secure/port.c.obj
 .data.uart     0x20000010      0x214 CMakeFiles/rtos_practice.dir/Core/Src/usart.c.obj
                0x20000010                uart
 .data.cli_cmd  0x20000224       0xf0 CMakeFiles/rtos_practice.dir/Core/Src/cli.c.obj
                0x20000224                cli_cmd
 .data._impure_ptr
                0x20000314        0x4 C:/ST/STM32CubeCLT_1.19.0/GNU-tools-for-STM32/bin/../lib/gcc/arm-none-eabi/13.3.1/../../../../arm-none-eabi/lib/thumb/v8-m.main+fp/hard\libg_nano.a(libc_a-impure.o)
                0x20000314                _impure_ptr
 .data._impure_data
                0x20000318       0x4c C:/ST/STM32CubeCLT_1.19.0/GNU-tools-for-STM32/bin/../lib/gcc/arm-none-eabi/13.3.1/../../../../arm-none-eabi/lib/thumb/v8-m.main+fp/hard\libg_nano.a(libc_a-impure.o)
                0x20000318                _impure_data
 *(.RamFunc)
 *(.RamFunc*)
                0x20000364                        . = ALIGN (0x4)

.igot.plt       0x20000364        0x0 load address 0x0800ff20
 .igot.plt      0x20000364        0x0 C:/ST/STM32CubeCLT_1.19.0/GNU-tools-for-STM32/bin/../lib/gcc/arm-none-eabi/13.3.1/thumb/v8-m.main+fp/hard/crtbegin.o

.tdata          0x20000364        0x0 load address 0x0800ff20
 *(.tdata .tdata.* .gnu.linkonce.td.*)
                0x20000364                        . = ALIGN (0x4)
                0x20000364                        _edata = .
                [!provide]                        PROVIDE (__data_end = .)
                [!provide]                        PROVIDE (__tdata_end = .)
                [!provide]                        PROVIDE (__tdata_start = ADDR (.tdata))
                [!provide]                        PROVIDE (__tdata_size = (__tdata_end - __tdata_start))
                [!provide]                        PROVIDE (__data_start = ADDR (.data))
                [!provide]                        PROVIDE (__data_size = (__data_end - __data_start))
                [!provide]                        PROVIDE (__tdata_source = LOADADDR (.tdata))
                [!provide]                        PROVIDE (__tdata_source_end = (LOADADDR (.tdata) + SIZEOF (.tdata)))
                [!provide]                        PROVIDE (__tdata_source_size = (__tdata_source_end - __tdata_source))
                [!provide]                        PROVIDE (__data_source = LOADADDR (.data))
                [!provide]                        PROVIDE (__data_source_end = __tdata_source_end)
                [!provide]                        PROVIDE (__data_source_size = (__data_source_end - __data_source))

.tbss           0x20000364        0x0 load address 0x0800ff20
                0x20000364                        _sbss = .
                0x20000364                        __bss_start__ = _sbss
 *(.tbss .tbss.*)
                0x20000364                        . = ALIGN (0x4)
                [!provide]                        PROVIDE (__tbss_end = .)
                [!provide]                        PROVIDE (__tbss_start = ADDR (.tbss))
                [!provide]                        PROVIDE (__tbss_size = (__tbss_end - __tbss_start))
                [!provide]                        PROVIDE (__tbss_offset = (ADDR (.tbss) - ADDR (.tdata)))
                [!provide]                        PROVIDE (__tls_base = __tdata_start)
                [!provide]                        PROVIDE (__tls_end = __tbss_end)
                [!provide]                        PROVIDE (__tls_size = (__tls_end - __tls_base))
                [!provide]                        PROVIDE (__tls_align = MAX (ALIGNOF (.tdata), ALIGNOF (.tbss)))
                [!provide]                        PROVIDE (__tls_size_align = (((__tls_size + __tls_align) - 0x1) & ~ ((__tls_align - 0x1))))
                [!provide]                        PROVIDE (__arm32_tls_tcb_offset = MAX (0x8, __tls_align))
                [!provide]                        PROVIDE (__arm64_tls_tcb_offset = MAX (0x10, __tls_align))

.bss            0x20000364     0xd980 load address 0x0800ff20
 *(.bss)
 .bss           0x20000364       0x1c C:/ST/STM32CubeCLT_1.19.0/GNU-tools-for-STM32/bin/../lib/gcc/arm-none-eabi/13.3.1/thumb/v8-m.main+fp/hard/crtbegin.o
 *(.bss*)
 .bss.uwTick    0x20000380        0x4 cmake/stm32cubemx/CMakeFiles/STM32_Drivers.dir/__/__/Drivers/STM32H5xx_HAL_Driver/Src/stm32h5xx_hal.c.obj
                0x20000380                uwTick
 .bss.ucHeap    0x20000384     0x8118 cmake/stm32cubemx/CMakeFiles/RTOS2.dir/__/__/Middlewares/Third_Party/FreeRTOS/Source/portable/MemMang/heap_4.c.obj
 .bss.xStart    0x2000849c        0x8 cmake/stm32cubemx/CMakeFiles/RTOS2.dir/__/__/Middlewares/Third_Party/FreeRTOS/Source/portable/MemMang/heap_4.c.obj
 .bss.pxEnd     0x200084a4        0x4 cmake/stm32cubemx/CMakeFiles/RTOS2.dir/__/__/Middlewares/Third_Party/FreeRTOS/Source/portable/MemMang/heap_4.c.obj
 .bss.xFreeBytesRemaining
                0x200084a8        0x4 cmake/stm32cubemx/CMakeFiles/RTOS2.dir/__/__/Middlewares/Third_Party/FreeRTOS/Source/portable/MemMang/heap_4.c.obj
 .bss.xMinimumEverFreeBytesRemaining
                0x200084ac        0x4 cmake/stm32cubemx/CMakeFiles/RTOS2.dir/__/__/Middlewares/Third_Party/FreeRTOS/Source/portable/MemMang/heap_4.c.obj
 .bss.xNumberOfSuccessfulAllocations
                0x200084b0        0x4 cmake/stm32cubemx/CMakeFiles/RTOS2.dir/__/__/Middlewares/Third_Party/FreeRTOS/Source/portable/MemMang/heap_4.c.obj
 .bss.xNumberOfSuccessfulFrees
                0x200084b4        0x4 cmake/stm32cubemx/CMakeFiles/RTOS2.dir/__/__/Middlewares/Third_Party/FreeRTOS/Source/portable/MemMang/heap_4.c.obj
 .bss.xQueueRegistry
                0x200084b8       0x40 cmake/stm32cubemx/CMakeFiles/RTOS2.dir/__/__/Middlewares/Third_Party/FreeRTOS/Source/queue.c.obj
                0x200084b8                xQueueRegistry
 .bss.pxCurrentTCB
                0x200084f8        0x4 cmake/stm32cubemx/CMakeFiles/RTOS2.dir/__/__/Middlewares/Third_Party/FreeRTOS/Source/tasks.c.obj
                0x200084f8                pxCurrentTCB
 .bss.pxReadyTasksLists
                0x200084fc      0x460 cmake/stm32cubemx/CMakeFiles/RTOS2.dir/__/__/Middlewares/Third_Party/FreeRTOS/Source/tasks.c.obj
 .bss.xDelayedTaskList1
                0x2000895c       0x14 cmake/stm32cubemx/CMakeFiles/RTOS2.dir/__/__/Middlewares/Third_Party/FreeRTOS/Source/tasks.c.obj
 .bss.xDelayedTaskList2
                0x20008970       0x14 cmake/stm32cubemx/CMakeFiles/RTOS2.dir/__/__/Middlewares/Third_Party/FreeRTOS/Source/tasks.c.obj
 .bss.pxDelayedTaskList
                0x20008984        0x4 cmake/stm32cubemx/CMakeFiles/RTOS2.dir/__/__/Middlewares/Third_Party/FreeRTOS/Source/tasks.c.obj
 .bss.pxOverflowDelayedTaskList
                0x20008988        0x4 cmake/stm32cubemx/CMakeFiles/RTOS2.dir/__/__/Middlewares/Third_Party/FreeRTOS/Source/tasks.c.obj
 .bss.xPendingReadyList
                0x2000898c       0x14 cmake/stm32cubemx/CMakeFiles/RTOS2.dir/__/__/Middlewares/Third_Party/FreeRTOS/Source/tasks.c.obj
 .bss.xTasksWaitingTermination
                0x200089a0       0x14 cmake/stm32cubemx/CMakeFiles/RTOS2.dir/__/__/Middlewares/Third_Party/FreeRTOS/Source/tasks.c.obj
 .bss.uxDeletedTasksWaitingCleanUp
                0x200089b4        0x4 cmake/stm32cubemx/CMakeFiles/RTOS2.dir/__/__/Middlewares/Third_Party/FreeRTOS/Source/tasks.c.obj
 .bss.xSuspendedTaskList
                0x200089b8       0x14 cmake/stm32cubemx/CMakeFiles/RTOS2.dir/__/__/Middlewares/Third_Party/FreeRTOS/Source/tasks.c.obj
 .bss.uxCurrentNumberOfTasks
                0x200089cc        0x4 cmake/stm32cubemx/CMakeFiles/RTOS2.dir/__/__/Middlewares/Third_Party/FreeRTOS/Source/tasks.c.obj
 .bss.xTickCount
                0x200089d0        0x4 cmake/stm32cubemx/CMakeFiles/RTOS2.dir/__/__/Middlewares/Third_Party/FreeRTOS/Source/tasks.c.obj
 .bss.uxTopReadyPriority
                0x200089d4        0x4 cmake/stm32cubemx/CMakeFiles/RTOS2.dir/__/__/Middlewares/Third_Party/FreeRTOS/Source/tasks.c.obj
 .bss.xSchedulerRunning
                0x200089d8        0x4 cmake/stm32cubemx/CMakeFiles/RTOS2.dir/__/__/Middlewares/Third_Party/FreeRTOS/Source/tasks.c.obj
 .bss.xPendedTicks
                0x200089dc        0x4 cmake/stm32cubemx/CMakeFiles/RTOS2.dir/__/__/Middlewares/Third_Party/FreeRTOS/Source/tasks.c.obj
 .bss.xYieldPending
                0x200089e0        0x4 cmake/stm32cubemx/CMakeFiles/RTOS2.dir/__/__/Middlewares/Third_Party/FreeRTOS/Source/tasks.c.obj
 .bss.xNumOfOverflows
                0x200089e4        0x4 cmake/stm32cubemx/CMakeFiles/RTOS2.dir/__/__/Middlewares/Third_Party/FreeRTOS/Source/tasks.c.obj
 .bss.uxTaskNumber
                0x200089e8        0x4 cmake/stm32cubemx/CMakeFiles/RTOS2.dir/__/__/Middlewares/Third_Party/FreeRTOS/Source/tasks.c.obj
 .bss.xNextTaskUnblockTime
                0x200089ec        0x4 cmake/stm32cubemx/CMakeFiles/RTOS2.dir/__/__/Middlewares/Third_Party/FreeRTOS/Source/tasks.c.obj
 .bss.xIdleTaskHandle
                0x200089f0        0x4 cmake/stm32cubemx/CMakeFiles/RTOS2.dir/__/__/Middlewares/Third_Party/FreeRTOS/Source/tasks.c.obj
 .bss.uxSchedulerSuspended
                0x200089f4        0x4 cmake/stm32cubemx/CMakeFiles/RTOS2.dir/__/__/Middlewares/Third_Party/FreeRTOS/Source/tasks.c.obj
 .bss.xActiveTimerList1
                0x200089f8       0x14 cmake/stm32cubemx/CMakeFiles/RTOS2.dir/__/__/Middlewares/Third_Party/FreeRTOS/Source/timers.c.obj
 .bss.xActiveTimerList2
                0x20008a0c       0x14 cmake/stm32cubemx/CMakeFiles/RTOS2.dir/__/__/Middlewares/Third_Party/FreeRTOS/Source/timers.c.obj
 .bss.pxCurrentTimerList
                0x20008a20        0x4 cmake/stm32cubemx/CMakeFiles/RTOS2.dir/__/__/Middlewares/Third_Party/FreeRTOS/Source/timers.c.obj
 .bss.pxOverflowTimerList
                0x20008a24        0x4 cmake/stm32cubemx/CMakeFiles/RTOS2.dir/__/__/Middlewares/Third_Party/FreeRTOS/Source/timers.c.obj
 .bss.xTimerQueue
                0x20008a28        0x4 cmake/stm32cubemx/CMakeFiles/RTOS2.dir/__/__/Middlewares/Third_Party/FreeRTOS/Source/timers.c.obj
 .bss.xTimerTaskHandle
                0x20008a2c        0x4 cmake/stm32cubemx/CMakeFiles/RTOS2.dir/__/__/Middlewares/Third_Party/FreeRTOS/Source/timers.c.obj
 .bss.xLastTime.2
                0x20008a30        0x4 cmake/stm32cubemx/CMakeFiles/RTOS2.dir/__/__/Middlewares/Third_Party/FreeRTOS/Source/timers.c.obj
 .bss.ucStaticTimerQueueStorage.1
                0x20008a34       0xa0 cmake/stm32cubemx/CMakeFiles/RTOS2.dir/__/__/Middlewares/Third_Party/FreeRTOS/Source/timers.c.obj
 .bss.xStaticTimerQueue.0
                0x20008ad4       0x50 cmake/stm32cubemx/CMakeFiles/RTOS2.dir/__/__/Middlewares/Third_Party/FreeRTOS/Source/timers.c.obj
 .bss.ucMaxSysCallPriority
                0x20008b24        0x1 cmake/stm32cubemx/CMakeFiles/RTOS2.dir/__/__/Middlewares/Third_Party/FreeRTOS/Source/portable/GCC/ARM_CM33_NTZ/non_secure/port.c.obj
 *fill*         0x20008b25        0x3 
 .bss.ulMaxPRIGROUPValue
                0x20008b28        0x4 cmake/stm32cubemx/CMakeFiles/RTOS2.dir/__/__/Middlewares/Third_Party/FreeRTOS/Source/portable/GCC/ARM_CM33_NTZ/non_secure/port.c.obj
 .bss.KernelState
                0x20008b2c        0x4 cmake/stm32cubemx/CMakeFiles/RTOS2.dir/__/__/Middlewares/Third_Party/FreeRTOS/Source/CMSIS_RTOS_V2/cmsis_os2.c.obj
 .bss.Idle_TCB.3
                0x20008b30       0x5c cmake/stm32cubemx/CMakeFiles/RTOS2.dir/__/__/Middlewares/Third_Party/FreeRTOS/Source/CMSIS_RTOS_V2/cmsis_os2.c.obj
 .bss.Idle_Stack.2
                0x20008b8c      0x200 cmake/stm32cubemx/CMakeFiles/RTOS2.dir/__/__/Middlewares/Third_Party/FreeRTOS/Source/CMSIS_RTOS_V2/cmsis_os2.c.obj
 .bss.Timer_TCB.1
                0x20008d8c       0x5c cmake/stm32cubemx/CMakeFiles/RTOS2.dir/__/__/Middlewares/Third_Party/FreeRTOS/Source/CMSIS_RTOS_V2/cmsis_os2.c.obj
 .bss.Timer_Stack.0
                0x20008de8      0x200 cmake/stm32cubemx/CMakeFiles/RTOS2.dir/__/__/Middlewares/Third_Party/FreeRTOS/Source/CMSIS_RTOS_V2/cmsis_os2.c.obj
 .bss.console_threadHandle
                0x20008fe8        0x4 CMakeFiles/rtos_practice.dir/Core/Src/app_freertos.c.obj
                0x20008fe8                console_threadHandle
 .bss.console_buf
                0x20008fec     0x4000 CMakeFiles/rtos_practice.dir/Core/Src/app_freertos.c.obj
                0x20008fec                console_buf
 .bss.console_tcb
                0x2000cfec       0x5c CMakeFiles/rtos_practice.dir/Core/Src/app_freertos.c.obj
                0x2000cfec                console_tcb
 .bss.console_semHandle
                0x2000d048        0x4 CMakeFiles/rtos_practice.dir/Core/Src/app_freertos.c.obj
                0x2000d048                console_semHandle
 .bss.console_sem_scb
                0x2000d04c       0x50 CMakeFiles/rtos_practice.dir/Core/Src/app_freertos.c.obj
                0x2000d04c                console_sem_scb
 .bss.huart1    0x2000d09c       0x94 CMakeFiles/rtos_practice.dir/Core/Src/usart.c.obj
                0x2000d09c                huart1
 .bss.htim1     0x2000d130       0x4c CMakeFiles/rtos_practice.dir/Core/Src/stm32h5xx_hal_timebase_tim.c.obj
                0x2000d130                htim1
 .bss.__sbrk_heap_end
                0x2000d17c        0x4 CMakeFiles/rtos_practice.dir/Core/Src/sysmem.c.obj
 .bss.esc_seq.3
                0x2000d180        0x1 CMakeFiles/rtos_practice.dir/Core/Src/cli.c.obj
 *fill*         0x2000d181        0x3 
 .bss.esc_cnt.2
                0x2000d184        0x4 CMakeFiles/rtos_practice.dir/Core/Src/cli.c.obj
 .bss.cli_work.1
                0x2000d188      0xa14 CMakeFiles/rtos_practice.dir/Core/Src/cli.c.obj
 .bss.__sf      0x2000db9c      0x138 C:/ST/STM32CubeCLT_1.19.0/GNU-tools-for-STM32/bin/../lib/gcc/arm-none-eabi/13.3.1/../../../../arm-none-eabi/lib/thumb/v8-m.main+fp/hard\libg_nano.a(libc_a-findfp.o)
                0x2000db9c                __sf
 .bss.errno     0x2000dcd4        0x4 C:/ST/STM32CubeCLT_1.19.0/GNU-tools-for-STM32/bin/../lib/gcc/arm-none-eabi/13.3.1/../../../../arm-none-eabi/lib/thumb/v8-m.main+fp/hard\libg_nano.a(libc_a-reent.o)
                0x2000dcd4                errno
 .bss.__lock___malloc_recursive_mutex
                0x2000dcd8        0x1 C:/ST/STM32CubeCLT_1.19.0/GNU-tools-for-STM32/bin/../lib/gcc/arm-none-eabi/13.3.1/../../../../arm-none-eabi/lib/thumb/v8-m.main+fp/hard\libg_nano.a(libc_a-lock.o)
                0x2000dcd8                __lock___malloc_recursive_mutex
 *fill*         0x2000dcd9        0x3 
 .bss.__malloc_sbrk_start